******************************************************************************
                  TI ARM Linker Unix v16.9.3                   
******************************************************************************
>> Linked Wed Dec  6 12:36:12 2017

OUTPUT FILE NAME:   <FinalProject.out>
ENTRY POINT SYMBOL: "_c_int00"  address: 000051b5


MEMORY CONFIGURATION

         name            origin    length      used     unused   attr    fill
----------------------  --------  ---------  --------  --------  ----  --------
  MAIN                  00000000   00040000  000062ad  00039d53  R  X
  INFO                  00200000   00004000  00000000  00004000  R  X
  SRAM_CODE             01000000   00010000  00000f2f  0000f0d1  RW X
  SRAM_DATA             20000000   00010000  00000f2f  0000f0d1  RW  


SEGMENT ALLOCATION MAP

run origin  load origin   length   init length attrs members
----------  ----------- ---------- ----------- ----- -------
00000000    00000000    000062b0   000062b0    r-x
  00000000    00000000    000000e4   000000e4    r-- .intvecs
  000000e4    000000e4    00005a34   00005a34    r-x .text
  00005b18    00005b18    00000695   00000695    r-- .const
  000061b0    000061b0    00000100   00000100    r-- .cinit
20000000    20000000    00000d2f   00000000    rw-
  20000000    20000000    00000800   00000000    rw- .sysmem
  20000800    20000800    00000330   00000000    rw- .data
  20000b30    20000b30    000001ff   00000000    rw- .bss
2000fe00    2000fe00    00000200   00000000    rw-
  2000fe00    2000fe00    00000200   00000000    rw- .stack


SECTION ALLOCATION MAP

 output                                  attributes/
section   page    origin      length       input sections
--------  ----  ----------  ----------   ----------------
.intvecs   0    00000000    000000e4     
                  00000000    000000e4     startup_msp432p401r_ccs.obj (.intvecs:retain)

.text      0    000000e4    00005a34     
                  000000e4    0000113e     rtsv7M4_T_le_v4SPD16_eabi.lib : _printfi.obj (.text)
                  00001222    00000002     startup_msp432p401r_ccs.obj (.text:Default_Handler)
                  00001224    000003d0     rtsv7M4_T_le_v4SPD16_eabi.lib : memory.obj (.text)
                  000015f4    00000324                                   : trgdrv.obj (.text)
                  00001918    0000030c                                   : lowlev.obj (.text)
                  00001c24    00000288     main.obj (.text:setTime)
                  00001eac    0000022c     main.obj (.text:mainScreen)
                  000020d8    000001f4     rtsv7M4_T_le_v4SPD16_eabi.lib : ull_div_t2.obj (.text)
                  000022cc    000001c4                                   : fopen.obj (.text)
                  00002490    000001b6                                   : fd_add_t2.obj (.text)
                  00002646    00000002     main.obj (.text:mainInit)
                  00002648    00000190     main.obj (.text:alarm)
                  000027d8    00000190     main.obj (.text:getTime)
                  00002968    0000017c     ST7735.obj (.text:ST7735_DrawCharS)
                  00002ae4    0000015c     main.obj (.text:enterPasscode)
                  00002c40    0000014c     main.obj (.text:main)
                  00002d8c    00000136     rtsv7M4_T_le_v4SPD16_eabi.lib : fd_div_t2.obj (.text)
                  00002ec2    00000002                                   : mpu_init.obj (.text)
                  00002ec4    00000134                                   : fputs.obj (.text)
                  00002ff8    00000130     main.obj (.text:T32_INT1_IRQHandler)
                  00003128    00000120     main.obj (.text:menuDisplay)
                  00003248    00000118     main.obj (.text:changePasscode)
                  00003360    00000114     ST7735.obj (.text:ST7735_FillRect)
                  00003474    00000114     main.obj (.text:armed)
                  00003588    00000100     ST7735.obj (.text:commonInit)
                  00003688    000000fc     rtsv7M4_T_le_v4SPD16_eabi.lib : fd_mul_t2.obj (.text)
                  00003784    000000fc                                   : s_scalbn.obj (.text)
                  00003880    000000f4     main.obj (.text:RTCMultibyteRead)
                  00003974    000000e8     main.obj (.text:bcdToDecTime)
                  00003a5c    000000e0     ST7735.obj (.text:ST7735_OutChar)
                  00003b3c    000000e0     main.obj (.text:getPasscode)
                  00003c1c    000000dc     main.obj (.text:readRTCTemp)
                  00003cf8    000000dc     rtsv7M4_T_le_v4SPD16_eabi.lib : setvbuf.obj (.text)
                  00003dd4    000000cc     main.obj (.text:timePrint)
                  00003ea0    000000c8     rtsv7M4_T_le_v4SPD16_eabi.lib : fflush.obj (.text)
                  00003f68    000000bf     main.obj (.text:pressed)
                  00004027    00000001     --HOLE-- [fill = 0]
                  00004028    000000b8     main.obj (.text:RTCMultibyteWrite)
                  000040e0    000000b4     main.obj (.text:keypad_getkey)
                  00004194    000000ac     rtsv7M4_T_le_v4SPD16_eabi.lib : _io_perm.obj (.text)
                  00004240    0000009c     msp432p4xx_driverlib.lib : cs_MSP432P4XX.obj (.text:CS_startHFXTWithTimeout)
                  000042dc    0000009c     rtsv7M4_T_le_v4SPD16_eabi.lib : memcpy_t2.obj (.text)
                  00004378    00000098     main.obj (.text:ADCInit)
                  00004410    00000098     ST7735.obj (.text:commandList)
                  000044a8    00000098     rtsv7M4_T_le_v4SPD16_eabi.lib : fclose.obj (.text)
                  00004540    00000088     main.obj (.text:ADC14_IRQHandler)
                  000045c8    00000088     ST7735.obj (.text:ST7735_InitR)
                  00004650    00000088     ST7735.obj (.text:ST7735_OutUDec)
                  000046d8    00000088     ST7735.obj (.text:setAddrWindow)
                  00004760    00000086     rtsv7M4_T_le_v4SPD16_eabi.lib : fd_cmp_t2.obj (.text:__aeabi_cdcmple)
                  000047e6    00000086                                   : fd_cmp_t2.obj (.text:__aeabi_cdrcmple)
                  0000486c    00000080     ST7735.obj (.text:ST7735_DrawString)
                  000048ec    0000007a     rtsv7M4_T_le_v4SPD16_eabi.lib : memset_t2.obj (.text)
                  00004966    00000002                                   : startup.obj (.text)
                  00004968    00000078     system_msp432p401r.obj (.text:SystemInit)
                  000049e0    00000078     main.obj (.text:lockDoor)
                  00004a58    00000078     main.obj (.text:unlockDoor)
                  00004ad0    00000070     main.obj (.text:Clock_Init48MHz)
                  00004b40    00000070     msp432p4xx_driverlib.lib : cs_MSP432P4XX.obj (.text:_CSGetHFXTFrequency)
                  00004bb0    00000070     main.obj (.text:armHist)
                  00004c20    00000070     rtsv7M4_T_le_v4SPD16_eabi.lib : autoinit.obj (.text)
                  00004c90    00000070                                   : printf.obj (.text)
                  00004d00    0000006e                                   : fd_tos_t2.obj (.text)
                  00004d6e    00000002     --HOLE-- [fill = 0]
                  00004d70    0000006c     main.obj (.text:alarmHist)
                  00004ddc    0000006c     main.obj (.text:buzzerPWM)
                  00004e48    00000068     rtsv7M4_T_le_v4SPD16_eabi.lib : copy_decompress_lzss.obj (.text:decompress:lzss)
                  00004eb0    00000068                                   : trgmsg.obj (.text)
                  00004f18    00000064     ST7735.obj (.text:ST7735_DrawPixel)
                  00004f7c    00000064     rtsv7M4_T_le_v4SPD16_eabi.lib : fseek.obj (.text)
                  00004fe0    00000064                                   : s_frexp.obj (.text)
                  00005044    00000064     main.obj (.text:screenPWM)
                  000050a8    0000005c     msp432p4xx_driverlib.lib : i2c_MSP432P4XX.obj (.text:I2C_masterSendSingleByte)
                  00005104    0000005c     main.obj (.text:T32Init)
                  00005160    00000054     msp432p4xx_driverlib.lib : i2c_MSP432P4XX.obj (.text:I2C_masterSendMultiByteFinish)
                  000051b4    00000054     rtsv7M4_T_le_v4SPD16_eabi.lib : boot.obj (.text)
                  00005208    00000054                                   : exit.obj (.text)
                  0000525c    00000054                                   : ltoa.obj (.text)
                  000052b0    00000054     main.obj (.text:updateT)
                  00005304    00000052     main.obj (.text:getRTCButton)
                  00005356    00000002     --HOLE-- [fill = 0]
                  00005358    0000004c     ST7735.obj (.text:fillmessage)
                  000053a4    0000004c     main.obj (.text:release)
                  000053f0    0000004c     rtsv7M4_T_le_v4SPD16_eabi.lib : atoi.obj (.text)
                  0000543c    0000004c                                   : cpy_tbl.obj (.text)
                  00005488    00000048                                   : fd_toi_t2.obj (.text)
                  000054d0    00000048     main.obj (.text:setUpI2C)
                  00005518    00000044     main.obj (.text:ReadFlash)
                  0000555c    00000044     ST7735.obj (.text:writecommand)
                  000055a0    00000044     ST7735.obj (.text:writedata)
                  000055e4    00000040     msp432p4xx_driverlib.lib : i2c_MSP432P4XX.obj (.text:I2C_masterSendMultiByteStart)
                  00005624    00000040     main.obj (.text:checkPasscode)
                  00005664    0000003c     main.obj (.text:menu)
                  000056a0    00000038     main.obj (.text:armSystem)
                  000056d8    00000038     main.obj (.text:debounce)
                  00005710    00000038     rtsv7M4_T_le_v4SPD16_eabi.lib : fs_tod_t2.obj (.text)
                  00005748    00000036                                   : strncpy.obj (.text)
                  0000577e    00000002     --HOLE-- [fill = 0]
                  00005780    00000034     main.obj (.text:sysDelay)
                  000057b4    00000030     msp432p4xx_driverlib.lib : i2c_MSP432P4XX.obj (.text:I2C_masterReceiveSingleByte)
                  000057e4    00000030     ST7735.obj (.text:ST7735_SetCursor)
                  00005814    0000002e     rtsv7M4_T_le_v4SPD16_eabi.lib : i_tofd_t2.obj (.text)
                  00005842    00000002     --HOLE-- [fill = 0]
                  00005844    0000002c     ST7735.obj (.text:ST7735_FillScreen)
                  00005870    0000002c     main.obj (.text:clearKey)
                  0000589c    00000028     main.obj (.text:sysTimerInit)
                  000058c4    00000024     msp432p4xx_driverlib.lib : timer32_MSP432P4XX.obj (.text:Timer32_setCount)
                  000058e8    00000020     rtsv7M4_T_le_v4SPD16_eabi.lib : memchr.obj (.text)
                  00005908    00000020                                   : u_tofd_t2.obj (.text)
                  00005928    0000001e     ST7735.obj (.text:Delay1ms)
                  00005946    00000002     --HOLE-- [fill = 0]
                  00005948    0000001c     main.obj (.text:doorManager)
                  00005964    0000001c     ST7735.obj (.text:pushColor)
                  00005980    0000001c     rtsv7M4_T_le_v4SPD16_eabi.lib : memccpy.obj (.text)
                  0000599c    00000018     ST7735.obj (.text:ST7735_SetTextColor)
                  000059b4    00000018     rtsv7M4_T_le_v4SPD16_eabi.lib : args_main.obj (.text)
                  000059cc    00000018                                   : strcmp.obj (.text)
                  000059e4    00000016                                   : strchr.obj (.text)
                  000059fa    00000002     --HOLE-- [fill = 0]
                  000059fc    00000014     msp432p4xx_driverlib.lib : cs_MSP432P4XX.obj (.text:CS_setExternalClockSourceFrequency)
                  00005a10    00000014                              : i2c_MSP432P4XX.obj (.text:I2C_isBusBusy)
                  00005a24    00000014     rtsv7M4_T_le_v4SPD16_eabi.lib : _lock.obj (.text)
                  00005a38    00000014                                   : s_copysign.obj (.text)
                  00005a4c    00000014                                   : strcpy.obj (.text)
                  00005a60    00000014                                   : strlen.obj (.text)
                  00005a74    00000012     ST7735.obj (.text:fputc)
                  00005a86    00000002     --HOLE-- [fill = 0]
                  00005a88    00000010     msp432p4xx_driverlib.lib : sysctl_a_MSP432P4XX.obj (.text:SysCtl_A_disableNMISource)
                  00005a98    00000010                              : sysctl_a_MSP432P4XX.obj (.text:SysCtl_A_enableNMISource)
                  00005aa8    00000010                              : sysctl_a_MSP432P4XX.obj (.text:SysCtl_A_getNMISourceStatus)
                  00005ab8    0000000e                              : i2c_MSP432P4XX.obj (.text:I2C_setMode)
                  00005ac6    0000000e     rtsv7M4_T_le_v4SPD16_eabi.lib : copy_decompress_none.obj (.text:decompress:none)
                  00005ad4    0000000e     ST7735.obj (.text:parrotdelay)
                  00005ae2    0000000c     startup_msp432p401r_ccs.obj (.text:Reset_Handler)
                  00005aee    0000000c     rtsv7M4_T_le_v4SPD16_eabi.lib : copy_zero_init.obj (.text:decompress:ZI)
                  00005afa    0000000a     ST7735.obj (.text:Output_Clear)
                  00005b04    0000000a     msp432p4xx_driverlib.lib : timer32_MSP432P4XX.obj (.text:Timer32_clearInterruptFlag)
                  00005b0e    00000006                              : cs_MSP432P4XX.obj (.text:CS_startHFXT)
                  00005b14    00000004     rtsv7M4_T_le_v4SPD16_eabi.lib : pre_init.obj (.text)

.const     0    00005b18    00000695     
                  00005b18    000004fb     ST7735.obj (.const:.string:Font)
                  00006013    00000101     rtsv7M4_T_le_v4SPD16_eabi.lib : ctype.obj (.const:.string:_ctypes_)
                  00006114    0000003b     ST7735.obj (.const:.string:Rcmd1)
                  0000614f    0000002b     ST7735.obj (.const:.string:Rcmd3)
                  0000617a    00000002     --HOLE-- [fill = 0]
                  0000617c    00000014     main.obj (.const:i2cConfig)
                  00006190    0000000d     ST7735.obj (.const:.string:Rcmd2green)
                  0000619d    0000000d     ST7735.obj (.const:.string:Rcmd2red)
                  000061aa    00000003     main.obj (.const:.string:$P$T0$1)

.cinit     0    000061b0    00000100     
                  000061b0    000000d5     (.cinit..data.load) [load image, compression = lzss]
                  00006285    00000003     --HOLE-- [fill = 0]
                  00006288    0000000c     (__TI_handler_table)
                  00006294    00000004     --HOLE-- [fill = 0]
                  00006298    00000008     (.cinit..bss.load) [load image, compression = zero_init]
                  000062a0    00000010     (__TI_cinit_table)

.init_array 
*          0    00000000    00000000     UNINITIALIZED

.binit     0    00000000    00000000     

.sysmem    0    20000000    00000800     UNINITIALIZED
                  20000000    00000008     rtsv7M4_T_le_v4SPD16_eabi.lib : memory.obj (.sysmem)
                  20000008    000007f8     --HOLE--

.data      0    20000800    00000330     UNINITIALIZED
                  20000800    000000f0     rtsv7M4_T_le_v4SPD16_eabi.lib : defs.obj (.data:_ftable)
                  200008f0    000000d0                                   : lowlev.obj (.data:$O1$$)
                  200009c0    000000b4     main.obj (.data)
                  20000a74    0000004a     main.obj (.data:FLASH_registers)
                  20000abe    00000002     --HOLE--
                  20000ac0    00000014     ST7735.obj (.data)
                  20000ad4    00000010     main.obj (.data:key)
                  20000ae4    00000010     main.obj (.data:passcode)
                  20000af4    00000010     rtsv7M4_T_le_v4SPD16_eabi.lib : defs.obj (.data)
                  20000b04    0000000c                                   : exit.obj (.data:$O1$$)
                  20000b10    0000000c                                   : memory.obj (.data:$O1$$)
                  20000b1c    00000008                                   : _lock.obj (.data:$O1$$)
                  20000b24    00000004                                   : errno.obj (.data)
                  20000b28    00000004                                   : fopen.obj (.data)
                  20000b2c    00000004                                   : stkdepth_vars.obj (.data)

.bss       0    20000b30    000001ff     UNINITIALIZED
                  20000b30    00000120     rtsv7M4_T_le_v4SPD16_eabi.lib : trgmsg.obj (.bss:_CIOBUF_)
                  20000c50    000000a0     (.common:__TI_tmpnams)
                  20000cf0    0000000c     (.common:Message)
                  20000cfc    00000008     msp432p4xx_driverlib.lib : cs_MSP432P4XX.obj (.bss)
                  20000d04    00000008     rtsv7M4_T_le_v4SPD16_eabi.lib : trgdrv.obj (.bss:parmbuf)
                  20000d0c    00000008     (.common:RTC_registers)
                  20000d14    00000004     ST7735.obj (.bss)
                  20000d18    00000004     (.common:Messageindex)
                  20000d1c    00000004     (.common:addr_pointer)
                  20000d20    00000004     (.common:alarmState)
                  20000d24    00000004     (.common:keyVal)
                  20000d28    00000004     (.common:selection)
                  20000d2c    00000002     main.obj (.bss)
                  20000d2e    00000001     (.common:code)

.stack     0    2000fe00    00000200     UNINITIALIZED
                  2000fe00    00000200     --HOLE--

MODULE SUMMARY

       Module                        code    ro data   rw data
       ------                        ----    -------   -------
    ./
       main.obj                      7455    23        626    
       ST7735.obj                    2352    1403      80     
       system_msp432p401r.obj        120     0         0      
    +--+-----------------------------+-------+---------+---------+
       Total:                        9927    1426      706    
                                                              
    ./ccs/
       startup_msp432p401r_ccs.obj   14      228       0      
    +--+-----------------------------+-------+---------+---------+
       Total:                        14      228       0      
                                                              
    /Applications/ti/ccsv7/tools/compiler/ti-cgt-arm_16.9.3.LTS/lib/rtsv7M4_T_le_v4SPD16_eabi.lib
       _printfi.obj                  4414    0         0      
       lowlev.obj                    780     0         416    
       memory.obj                    976     0         24     
       defs.obj                      0       0         832    
       trgdrv.obj                    804     0         16     
       trgmsg.obj                    104     0         576    
       ull_div_t2.obj                500     0         0      
       fopen.obj                     452     0         8      
       fd_add_t2.obj                 438     0         0      
       fd_div_t2.obj                 310     0         0      
       fputs.obj                     308     0         0      
       fd_cmp_t2.obj                 268     0         0      
       ctype.obj                     0       257       0      
       fd_mul_t2.obj                 252     0         0      
       s_scalbn.obj                  252     0         0      
       setvbuf.obj                   220     0         0      
       fflush.obj                    200     0         0      
       _io_perm.obj                  172     0         0      
       memcpy_t2.obj                 156     0         0      
       fclose.obj                    152     0         0      
       memset_t2.obj                 122     0         0      
       autoinit.obj                  112     0         0      
       printf.obj                    112     0         0      
       fd_tos_t2.obj                 110     0         0      
       exit.obj                      84      0         24     
       copy_decompress_lzss.obj      104     0         0      
       fseek.obj                     100     0         0      
       s_frexp.obj                   100     0         0      
       boot.obj                      84      0         0      
       ltoa.obj                      84      0         0      
       atoi.obj                      76      0         0      
       cpy_tbl.obj                   76      0         0      
       fd_toi_t2.obj                 72      0         0      
       fs_tod_t2.obj                 56      0         0      
       strncpy.obj                   54      0         0      
       i_tofd_t2.obj                 46      0         0      
       _lock.obj                     20      0         16     
       memchr.obj                    32      0         0      
       u_tofd_t2.obj                 32      0         0      
       memccpy.obj                   28      0         0      
       args_main.obj                 24      0         0      
       strcmp.obj                    24      0         0      
       strchr.obj                    22      0         0      
       s_copysign.obj                20      0         0      
       strcpy.obj                    20      0         0      
       strlen.obj                    20      0         0      
       copy_decompress_none.obj      14      0         0      
       copy_zero_init.obj            12      0         0      
       errno.obj                     0       0         8      
       stkdepth_vars.obj             0       0         8      
       pre_init.obj                  4       0         0      
       mpu_init.obj                  2       0         0      
       startup.obj                   2       0         0      
    +--+-----------------------------+-------+---------+---------+
       Total:                        12426   257       1928   
                                                              
    /Applications/ti/simplelink_msp432p4_sdk_1_50_00_12/source/ti/devices/msp432p4xx/driverlib/ccs/msp432p4xx_driverlib.lib
       i2c_MSP432P4XX.obj            322     0         0      
       cs_MSP432P4XX.obj             294     0         16     
       sysctl_a_MSP432P4XX.obj       48      0         0      
       timer32_MSP432P4XX.obj        46      0         0      
    +--+-----------------------------+-------+---------+---------+
       Total:                        710     0         16     
                                                              
       Heap:                         0       0         4096   
       Stack:                        0       0         1024   
       Linker Generated:             0       249       0      
    +--+-----------------------------+-------+---------+---------+
       Grand Total:                  23077   2160      7770   


LINKER GENERATED COPY TABLES

__TI_cinit_table @ 000062a0 records: 2, size/record: 8, table size: 16
	.data: load addr=000061b0, load size=000000d5 bytes, run addr=20000800, run size=00000330 bytes, compression=lzss
	.bss: load addr=00006298, load size=00000008 bytes, run addr=20000b30, run size=000001ff bytes, compression=zero_init


LINKER GENERATED HANDLER TABLE

__TI_handler_table @ 00006288 records: 3, size/record: 4, table size: 12
	index: 0, handler: __TI_decompress_lzss
	index: 1, handler: __TI_decompress_none
	index: 2, handler: __TI_zero_init


GLOBAL SYMBOLS: SORTED ALPHABETICALLY BY Name 

address   name                              
-------   ----                              
20000a18  A4                                
20000a48  A5                                
00004541  ADC14_IRQHandler                  
00004541  ADC14_IRQHandler                  
20000a04  ADCFlag                           
00004379  ADCInit                           
00001223  AES256_IRQHandler                 
20000a1c  As4                               
20000a4c  As5                               
20000a20  B4                                
20000a50  B5                                
00001223  BusFault_Handler                  
00005209  C$$EXIT                           
00004edf  C$$IO$$                           
20000a24  C4                                
00001223  COMP_E0_IRQHandler                
00001223  COMP_E1_IRQHandler                
00001223  CS_IRQHandler                     
000059fd  CS_setExternalClockSourceFrequency
00005b0f  CS_startHFXT                      
00004241  CS_startHFXTWithTimeout           
00004ad1  Clock_Init48MHz                   
20000a28  Cs5                               
20000a2c  D5                                
20000a54  D6                                
00001223  DMA_ERR_IRQHandler                
00001223  DMA_INT0_IRQHandler               
00001223  DMA_INT1_IRQHandler               
00001223  DMA_INT2_IRQHandler               
00001223  DMA_INT3_IRQHandler               
00001223  DebugMon_Handler                  
00001223  Default_Handler                   
00005929  Delay1ms                          
20000a30  Ds5                               
20000a34  E5                                
20000a64  EIGHTH                            
00001223  EUSCIA0_IRQHandler                
00001223  EUSCIA1_IRQHandler                
00001223  EUSCIA2_IRQHandler                
00001223  EUSCIA3_IRQHandler                
00001223  EUSCIB0_IRQHandler                
00001223  EUSCIB1_IRQHandler                
00001223  EUSCIB2_IRQHandler                
00001223  EUSCIB3_IRQHandler                
20000a38  F5                                
20000a74  FLASH_registers                   
00001223  FLCTL_IRQHandler                  
00001223  FPU_IRQHandler                    
20000a3c  Fs5                               
20000a40  G5                                
20000a14  Gs4                               
20000a44  Gs5                               
20000a5c  HALF                              
000018cf  HOSTclock                         
00001897  HOSTclose                         
00001859  HOSTgetenv                        
000017fd  HOSTlseek                         
000017ab  HOSTopen                          
0000175f  HOSTread                          
00001701  HOSTrename                        
000016c7  HOSTtime                          
00001679  HOSTtime64                        
00001641  HOSTunlink                        
000015f5  HOSTwrite                         
00001223  HardFault_Handler                 
00005a11  I2C_isBusBusy                     
000057b5  I2C_masterReceiveSingleByte       
00005161  I2C_masterSendMultiByteFinish     
000055e5  I2C_masterSendMultiByteStart      
000050a9  I2C_masterSendSingleByte          
00005ab9  I2C_setMode                       
00001223  MemManage_Handler                 
20000cf0  Message                           
20000d18  Messageindex                      
00001223  NMI_Handler                       
00005afb  Output_Clear                      
200009e7  P4IntFlag                         
00001223  PCM_IRQHandler                    
00001223  PORT1_IRQHandler                  
00001223  PORT2_IRQHandler                  
00001223  PORT3_IRQHandler                  
00001223  PORT4_IRQHandler                  
00001223  PORT5_IRQHandler                  
00001223  PORT6_IRQHandler                  
00001223  PSS_IRQHandler                    
00001223  PendSV_Handler                    
200009e8  PoundFlag                         
20000a60  QUARTER                           
20000a10  REST                              
20000a0c  RTCFlag                           
00003881  RTCMultibyteRead                  
00004029  RTCMultibyteWrite                 
00001223  RTC_C_IRQHandler                  
20000d0c  RTC_registers                     
00005519  ReadFlash                         
00005ae3  Reset_Handler                     
UNDEFED   SHT$$INIT_ARRAY$$Base             
UNDEFED   SHT$$INIT_ARRAY$$Limit            
00002969  ST7735_DrawCharS                  
00004f19  ST7735_DrawPixel                  
0000486d  ST7735_DrawString                 
00003361  ST7735_FillRect                   
00005845  ST7735_FillScreen                 
000045c9  ST7735_InitR                      
00003a5d  ST7735_OutChar                    
00004651  ST7735_OutUDec                    
000057e5  ST7735_SetCursor                  
0000599d  ST7735_SetTextColor               
00001223  SVC_Handler                       
20000ac8  StTextColor                       
20000ac0  StX                               
20000ac4  StY                               
00005a89  SysCtl_A_disableNMISource         
00005a99  SysCtl_A_enableNMISource          
00005aa9  SysCtl_A_getNMISourceStatus       
00001223  SysTick_Handler                   
00004969  SystemInit                        
00005105  T32Init                           
00002ff9  T32_INT1_IRQHandler               
00002ff9  T32_INT1_IRQHandler               
00001223  T32_INT2_IRQHandler               
00001223  T32_INTC_IRQHandler               
00001223  TA0_0_IRQHandler                  
00001223  TA0_N_IRQHandler                  
00001223  TA1_0_IRQHandler                  
00001223  TA1_N_IRQHandler                  
00001223  TA2_0_IRQHandler                  
00001223  TA2_N_IRQHandler                  
00001223  TA3_0_IRQHandler                  
00001223  TA3_N_IRQHandler                  
00005b05  Timer32_clearInterruptFlag        
000058c5  Timer32_setCount                  
00001223  UsageFault_Handler                
4000480c  WDTCTL_SYM                        
00001223  WDT_A_IRQHandler                  
20000a58  WHOLE                             
20000b30  __CIOBUF_                         
20010000  __STACK_END                       
00000200  __STACK_SIZE                      
00000800  __SYSMEM_SIZE                     
000062a0  __TI_CINIT_Base                   
000062b0  __TI_CINIT_Limit                  
00006288  __TI_Handler_Table_Base           
00006294  __TI_Handler_Table_Limit          
00004c21  __TI_auto_init                    
00002395  __TI_cleanup                      
20000b04  __TI_cleanup_ptr                  
000044a9  __TI_closefile                    
00004e49  __TI_decompress_lzss              
00005ac7  __TI_decompress_none              
00003ea1  __TI_doflush                      
20000b08  __TI_dtors_ptr                    
20000b0c  __TI_enable_exit_profile_output   
20000af4  __TI_ft_end                       
ffffffff  __TI_pprof_out_hndl               
00000929  __TI_printfi                      
ffffffff  __TI_prof_data_size               
ffffffff  __TI_prof_data_start              
000041f7  __TI_rd_ok                        
00004ee3  __TI_readmsg                      
00000000  __TI_static_base__                
20000c50  __TI_tmpnams                      
00004eb1  __TI_writemsg                     
00004195  __TI_wrt_ok                       
00005aef  __TI_zero_init                    
00004761  __aeabi_cdcmpeq                   
00004761  __aeabi_cdcmple                   
000047e7  __aeabi_cdrcmple                  
00004d01  __aeabi_d2f                       
00005489  __aeabi_d2iz                      
0000249b  __aeabi_dadd                      
00002d8d  __aeabi_ddiv                      
00003689  __aeabi_dmul                      
00002491  __aeabi_dsub                      
00005711  __aeabi_f2d                       
00005815  __aeabi_i2d                       
000048ed  __aeabi_memclr                    
000048ed  __aeabi_memclr4                   
000048ed  __aeabi_memclr8                   
000042dd  __aeabi_memcpy                    
000042dd  __aeabi_memcpy4                   
000042dd  __aeabi_memcpy8                   
000048ef  __aeabi_memset                    
000048ef  __aeabi_memset4                   
000048ef  __aeabi_memset8                   
20000b00  __aeabi_stderr                    
20000af8  __aeabi_stdin                     
20000afc  __aeabi_stdout                    
00005909  __aeabi_ui2d                      
000020d9  __aeabi_uldivmod                  
ffffffff  __binit__                         
ffffffff  __c_args__                        
00002ec3  __mpu_init                        
2000fe00  __stack                           
000059b5  _args_main                        
000051b5  _c_int00                          
00006013  _ctypes_                          
20000800  _ftable                           
20000b1c  _lock                             
00005a33  _nop                              
00005a2b  _register_lock                    
00005a25  _register_unlock                  
20000000  _sys_memory                       
00004967  _system_post_cinit                
00005b15  _system_pre_init                  
20000b20  _unlock                           
20000a68  aCount                            
0000520d  abort                             
00001b79  add_device                        
20000d1c  addr_pointer                      
00002649  alarm                             
200009f0  alarmFlag                         
00004d71  alarmHist                         
20000d20  alarmState                        
200009ec  armCode                           
00004bb1  armHist                           
200009c0  armStat                           
000056a1  armSystem                         
00003475  armed                             
000053f1  atoi                              
200009e4  bcdDate                           
200009e3  bcdDay                            
200009e2  bcdHour                           
200009e1  bcdMinute                         
200009e5  bcdMonth                          
200009e0  bcdSecond                         
00003975  bcdToDecTime                      
200009e6  bcdYear                           
ffffffff  binit                             
200009d4  button_value                      
20000a08  buzzCount                         
00004ddd  buzzerPWM                         
000015c5  calloc                            
00003249  changePasscode                    
00005625  checkPasscode                     
00005871  clearKey                          
00001b29  close                             
20000d2e  code                              
0000543d  copy_in                           
00005a39  copysign                          
00005a39  copysignl                         
000056d9  debounce                          
200009dc  detected                          
200009f4  disarmFlag                        
00005949  doorManager                       
00002ae5  enterPasscode                     
20000b24  errno                             
00005215  exit                              
0000450f  fclose                            
00003eed  fflush                            
00005359  fillmessage                       
000023eb  fopen                             
00005a75  fputc                             
00002ec5  fputs                             
0000130f  free                              
000023c1  freopen                           
00004fe1  frexp                             
00004fe1  frexpl                            
00004f7d  fseek                             
00003b3d  getPasscode                       
00005305  getRTCButton                      
000027d9  getTime                           
0000617c  i2cConfig                         
20000a6c  inputCount                        
20000a70  inputFlag                         
00000000  interruptVectors                  
20000ad4  key                               
20000d24  keyVal                            
000040e1  keypad_getkey                     
20000ad0  lastj                             
00003785  ldexp                             
00003785  ldexpl                            
000049e1  lockDoor                          
200009fc  lockState                         
00001b05  lseek                             
0000525d  ltoa                              
00002c41  main                              
00002647  mainInit                          
00001ead  mainScreen                        
20000b2c  main_func_sp                      
000012a5  malloc                            
000014d9  memalign                          
00005981  memccpy                           
000058e9  memchr                            
000042dd  memcpy                            
000048f5  memset                            
00005665  menu                              
00003129  menuDisplay                       
00001225  minit                             
200009c4  noCode                            
00001a57  open                              
00005ad5  parrotdelay                       
20000ae4  passcode                          
200009d8  passcodeEntry                     
00003f69  pressed                           
00004c99  printf                            
00002fd1  puts                              
00001a33  read                              
00003c1d  readRTCTemp                       
000013d1  realloc                           
000053a5  release                           
000019a9  remove                            
00001a0b  remove_device                     
000019cd  rename                            
00003785  scalbn                            
00003785  scalbnl                           
200009d0  scrColor                          
00005045  screenPWM                         
200009cc  selected                          
20000d28  selection                         
00001c25  setTime                           
000054d1  setUpI2C                          
00003cf9  setvbuf                           
000059e5  strchr                            
000059cd  strcmp                            
00005a4d  strcpy                            
00005a61  strlen                            
00005749  strncpy                           
200009c8  successFlag                       
00005781  sysDelay                          
0000589d  sysTimerInit                      
200009f8  timeFlag                          
00003dd5  timePrint                         
000019a9  unlink                            
00004a59  unlockDoor                        
000052b1  updateT                           
00001919  write                             


GLOBAL SYMBOLS: SORTED BY Symbol Address 

address   name                              
-------   ----                              
00000000  __TI_static_base__                
00000000  interruptVectors                  
00000200  __STACK_SIZE                      
00000800  __SYSMEM_SIZE                     
00000929  __TI_printfi                      
00001223  AES256_IRQHandler                 
00001223  BusFault_Handler                  
00001223  COMP_E0_IRQHandler                
00001223  COMP_E1_IRQHandler                
00001223  CS_IRQHandler                     
00001223  DMA_ERR_IRQHandler                
00001223  DMA_INT0_IRQHandler               
00001223  DMA_INT1_IRQHandler               
00001223  DMA_INT2_IRQHandler               
00001223  DMA_INT3_IRQHandler               
00001223  DebugMon_Handler                  
00001223  Default_Handler                   
00001223  EUSCIA0_IRQHandler                
00001223  EUSCIA1_IRQHandler                
00001223  EUSCIA2_IRQHandler                
00001223  EUSCIA3_IRQHandler                
00001223  EUSCIB0_IRQHandler                
00001223  EUSCIB1_IRQHandler                
00001223  EUSCIB2_IRQHandler                
00001223  EUSCIB3_IRQHandler                
00001223  FLCTL_IRQHandler                  
00001223  FPU_IRQHandler                    
00001223  HardFault_Handler                 
00001223  MemManage_Handler                 
00001223  NMI_Handler                       
00001223  PCM_IRQHandler                    
00001223  PORT1_IRQHandler                  
00001223  PORT2_IRQHandler                  
00001223  PORT3_IRQHandler                  
00001223  PORT4_IRQHandler                  
00001223  PORT5_IRQHandler                  
00001223  PORT6_IRQHandler                  
00001223  PSS_IRQHandler                    
00001223  PendSV_Handler                    
00001223  RTC_C_IRQHandler                  
00001223  SVC_Handler                       
00001223  SysTick_Handler                   
00001223  T32_INT2_IRQHandler               
00001223  T32_INTC_IRQHandler               
00001223  TA0_0_IRQHandler                  
00001223  TA0_N_IRQHandler                  
00001223  TA1_0_IRQHandler                  
00001223  TA1_N_IRQHandler                  
00001223  TA2_0_IRQHandler                  
00001223  TA2_N_IRQHandler                  
00001223  TA3_0_IRQHandler                  
00001223  TA3_N_IRQHandler                  
00001223  UsageFault_Handler                
00001223  WDT_A_IRQHandler                  
00001225  minit                             
000012a5  malloc                            
0000130f  free                              
000013d1  realloc                           
000014d9  memalign                          
000015c5  calloc                            
000015f5  HOSTwrite                         
00001641  HOSTunlink                        
00001679  HOSTtime64                        
000016c7  HOSTtime                          
00001701  HOSTrename                        
0000175f  HOSTread                          
000017ab  HOSTopen                          
000017fd  HOSTlseek                         
00001859  HOSTgetenv                        
00001897  HOSTclose                         
000018cf  HOSTclock                         
00001919  write                             
000019a9  remove                            
000019a9  unlink                            
000019cd  rename                            
00001a0b  remove_device                     
00001a33  read                              
00001a57  open                              
00001b05  lseek                             
00001b29  close                             
00001b79  add_device                        
00001c25  setTime                           
00001ead  mainScreen                        
000020d9  __aeabi_uldivmod                  
00002395  __TI_cleanup                      
000023c1  freopen                           
000023eb  fopen                             
00002491  __aeabi_dsub                      
0000249b  __aeabi_dadd                      
00002647  mainInit                          
00002649  alarm                             
000027d9  getTime                           
00002969  ST7735_DrawCharS                  
00002ae5  enterPasscode                     
00002c41  main                              
00002d8d  __aeabi_ddiv                      
00002ec3  __mpu_init                        
00002ec5  fputs                             
00002fd1  puts                              
00002ff9  T32_INT1_IRQHandler               
00002ff9  T32_INT1_IRQHandler               
00003129  menuDisplay                       
00003249  changePasscode                    
00003361  ST7735_FillRect                   
00003475  armed                             
00003689  __aeabi_dmul                      
00003785  ldexp                             
00003785  ldexpl                            
00003785  scalbn                            
00003785  scalbnl                           
00003881  RTCMultibyteRead                  
00003975  bcdToDecTime                      
00003a5d  ST7735_OutChar                    
00003b3d  getPasscode                       
00003c1d  readRTCTemp                       
00003cf9  setvbuf                           
00003dd5  timePrint                         
00003ea1  __TI_doflush                      
00003eed  fflush                            
00003f69  pressed                           
00004029  RTCMultibyteWrite                 
000040e1  keypad_getkey                     
00004195  __TI_wrt_ok                       
000041f7  __TI_rd_ok                        
00004241  CS_startHFXTWithTimeout           
000042dd  __aeabi_memcpy                    
000042dd  __aeabi_memcpy4                   
000042dd  __aeabi_memcpy8                   
000042dd  memcpy                            
00004379  ADCInit                           
000044a9  __TI_closefile                    
0000450f  fclose                            
00004541  ADC14_IRQHandler                  
00004541  ADC14_IRQHandler                  
000045c9  ST7735_InitR                      
00004651  ST7735_OutUDec                    
00004761  __aeabi_cdcmpeq                   
00004761  __aeabi_cdcmple                   
000047e7  __aeabi_cdrcmple                  
0000486d  ST7735_DrawString                 
000048ed  __aeabi_memclr                    
000048ed  __aeabi_memclr4                   
000048ed  __aeabi_memclr8                   
000048ef  __aeabi_memset                    
000048ef  __aeabi_memset4                   
000048ef  __aeabi_memset8                   
000048f5  memset                            
00004967  _system_post_cinit                
00004969  SystemInit                        
000049e1  lockDoor                          
00004a59  unlockDoor                        
00004ad1  Clock_Init48MHz                   
00004bb1  armHist                           
00004c21  __TI_auto_init                    
00004c99  printf                            
00004d01  __aeabi_d2f                       
00004d71  alarmHist                         
00004ddd  buzzerPWM                         
00004e49  __TI_decompress_lzss              
00004eb1  __TI_writemsg                     
00004edf  C$$IO$$                           
00004ee3  __TI_readmsg                      
00004f19  ST7735_DrawPixel                  
00004f7d  fseek                             
00004fe1  frexp                             
00004fe1  frexpl                            
00005045  screenPWM                         
000050a9  I2C_masterSendSingleByte          
00005105  T32Init                           
00005161  I2C_masterSendMultiByteFinish     
000051b5  _c_int00                          
00005209  C$$EXIT                           
0000520d  abort                             
00005215  exit                              
0000525d  ltoa                              
000052b1  updateT                           
00005305  getRTCButton                      
00005359  fillmessage                       
000053a5  release                           
000053f1  atoi                              
0000543d  copy_in                           
00005489  __aeabi_d2iz                      
000054d1  setUpI2C                          
00005519  ReadFlash                         
000055e5  I2C_masterSendMultiByteStart      
00005625  checkPasscode                     
00005665  menu                              
000056a1  armSystem                         
000056d9  debounce                          
00005711  __aeabi_f2d                       
00005749  strncpy                           
00005781  sysDelay                          
000057b5  I2C_masterReceiveSingleByte       
000057e5  ST7735_SetCursor                  
00005815  __aeabi_i2d                       
00005845  ST7735_FillScreen                 
00005871  clearKey                          
0000589d  sysTimerInit                      
000058c5  Timer32_setCount                  
000058e9  memchr                            
00005909  __aeabi_ui2d                      
00005929  Delay1ms                          
00005949  doorManager                       
00005981  memccpy                           
0000599d  ST7735_SetTextColor               
000059b5  _args_main                        
000059cd  strcmp                            
000059e5  strchr                            
000059fd  CS_setExternalClockSourceFrequency
00005a11  I2C_isBusBusy                     
00005a25  _register_unlock                  
00005a2b  _register_lock                    
00005a33  _nop                              
00005a39  copysign                          
00005a39  copysignl                         
00005a4d  strcpy                            
00005a61  strlen                            
00005a75  fputc                             
00005a89  SysCtl_A_disableNMISource         
00005a99  SysCtl_A_enableNMISource          
00005aa9  SysCtl_A_getNMISourceStatus       
00005ab9  I2C_setMode                       
00005ac7  __TI_decompress_none              
00005ad5  parrotdelay                       
00005ae3  Reset_Handler                     
00005aef  __TI_zero_init                    
00005afb  Output_Clear                      
00005b05  Timer32_clearInterruptFlag        
00005b0f  CS_startHFXT                      
00005b15  _system_pre_init                  
00006013  _ctypes_                          
0000617c  i2cConfig                         
00006288  __TI_Handler_Table_Base           
00006294  __TI_Handler_Table_Limit          
000062a0  __TI_CINIT_Base                   
000062b0  __TI_CINIT_Limit                  
20000000  _sys_memory                       
20000800  _ftable                           
200009c0  armStat                           
200009c4  noCode                            
200009c8  successFlag                       
200009cc  selected                          
200009d0  scrColor                          
200009d4  button_value                      
200009d8  passcodeEntry                     
200009dc  detected                          
200009e0  bcdSecond                         
200009e1  bcdMinute                         
200009e2  bcdHour                           
200009e3  bcdDay                            
200009e4  bcdDate                           
200009e5  bcdMonth                          
200009e6  bcdYear                           
200009e7  P4IntFlag                         
200009e8  PoundFlag                         
200009ec  armCode                           
200009f0  alarmFlag                         
200009f4  disarmFlag                        
200009f8  timeFlag                          
200009fc  lockState                         
20000a04  ADCFlag                           
20000a08  buzzCount                         
20000a0c  RTCFlag                           
20000a10  REST                              
20000a14  Gs4                               
20000a18  A4                                
20000a1c  As4                               
20000a20  B4                                
20000a24  C4                                
20000a28  Cs5                               
20000a2c  D5                                
20000a30  Ds5                               
20000a34  E5                                
20000a38  F5                                
20000a3c  Fs5                               
20000a40  G5                                
20000a44  Gs5                               
20000a48  A5                                
20000a4c  As5                               
20000a50  B5                                
20000a54  D6                                
20000a58  WHOLE                             
20000a5c  HALF                              
20000a60  QUARTER                           
20000a64  EIGHTH                            
20000a68  aCount                            
20000a6c  inputCount                        
20000a70  inputFlag                         
20000a74  FLASH_registers                   
20000ac0  StX                               
20000ac4  StY                               
20000ac8  StTextColor                       
20000ad0  lastj                             
20000ad4  key                               
20000ae4  passcode                          
20000af4  __TI_ft_end                       
20000af8  __aeabi_stdin                     
20000afc  __aeabi_stdout                    
20000b00  __aeabi_stderr                    
20000b04  __TI_cleanup_ptr                  
20000b08  __TI_dtors_ptr                    
20000b0c  __TI_enable_exit_profile_output   
20000b1c  _lock                             
20000b20  _unlock                           
20000b24  errno                             
20000b2c  main_func_sp                      
20000b30  __CIOBUF_                         
20000c50  __TI_tmpnams                      
20000cf0  Message                           
20000d0c  RTC_registers                     
20000d18  Messageindex                      
20000d1c  addr_pointer                      
20000d20  alarmState                        
20000d24  keyVal                            
20000d28  selection                         
20000d2e  code                              
2000fe00  __stack                           
20010000  __STACK_END                       
4000480c  WDTCTL_SYM                        
ffffffff  __TI_pprof_out_hndl               
ffffffff  __TI_prof_data_size               
ffffffff  __TI_prof_data_start              
ffffffff  __binit__                         
ffffffff  __c_args__                        
ffffffff  binit                             
UNDEFED   SHT$$INIT_ARRAY$$Base             
UNDEFED   SHT$$INIT_ARRAY$$Limit            

[327 symbols]
