******************************************************************************
                  TI ARM Linker Unix v16.9.3                   
******************************************************************************
>> Linked Mon Oct 23 19:31:15 2017

OUTPUT FILE NAME:   <FinalProject.out>
ENTRY POINT SYMBOL: "_c_int00"  address: 00001191


MEMORY CONFIGURATION

         name            origin    length      used     unused   attr    fill
----------------------  --------  ---------  --------  --------  ----  --------
  MAIN                  00000000   00040000  0000150c  0003eaf4  R  X
  INFO                  00200000   00004000  00000000  00004000  R  X
  SRAM_CODE             01000000   00010000  0000051a  0000fae6  RW X
  SRAM_DATA             20000000   00010000  0000051a  0000fae6  RW  


SEGMENT ALLOCATION MAP

run origin  load origin   length   init length attrs members
----------  ----------- ---------- ----------- ----- -------
00000000    00000000    00001510   00001510    r-x
  00000000    00000000    000000e4   000000e4    r-- .intvecs
  000000e4    000000e4    00001398   00001398    r-x .text
  00001480    00001480    00000090   00000090    r-- .cinit
20000000    20000000    0000031a   00000000    rw-
  20000000    20000000    000001f0   00000000    rw- .data
  200001f0    200001f0    0000012a   00000000    rw- .bss
2000fe00    2000fe00    00000200   00000000    rw-
  2000fe00    2000fe00    00000200   00000000    rw- .stack


SECTION ALLOCATION MAP

 output                                  attributes/
section   page    origin      length       input sections
--------  ----  ----------  ----------   ----------------
.intvecs   0    00000000    000000e4     
                  00000000    000000e4     startup_msp432p401r_ccs.obj (.intvecs:retain)

.text      0    000000e4    00001398     
                  000000e4    00000324     rtsv7M4_T_le_v4SPD16_eabi.lib : trgdrv.obj (.text)
                  00000408    0000030c                                   : lowlev.obj (.text)
                  00000714    000001b6                                   : fd_add_t2.obj (.text)
                  000008ca    00000136                                   : fd_div_t2.obj (.text)
                  00000a00    000000fc                                   : fd_mul_t2.obj (.text)
                  00000afc    000000dc     main.obj (.text:ADCInit)
                  00000bd8    000000c8     rtsv7M4_T_le_v4SPD16_eabi.lib : fflush.obj (.text)
                  00000ca0    0000009c                                   : memcpy_t2.obj (.text)
                  00000d3c    00000088     main.obj (.text:ADC14_IRQHandler)
                  00000dc4    0000007a     rtsv7M4_T_le_v4SPD16_eabi.lib : memset_t2.obj (.text)
                  00000e3e    00000002     startup_msp432p401r_ccs.obj (.text:Default_Handler)
                  00000e40    00000078     system_msp432p401r.obj (.text:SystemInit)
                  00000eb8    00000070     rtsv7M4_T_le_v4SPD16_eabi.lib : autoinit.obj (.text)
                  00000f28    0000006e                                   : fd_tos_t2.obj (.text)
                  00000f96    00000002                                   : mpu_init.obj (.text)
                  00000f98    00000068     main.obj (.text:T32_INT1_IRQHandler)
                  00001000    00000068     rtsv7M4_T_le_v4SPD16_eabi.lib : copy_decompress_lzss.obj (.text:decompress:lzss)
                  00001068    00000068                                   : trgmsg.obj (.text)
                  000010d0    00000060     main.obj (.text:LED_PWM)
                  00001130    00000060     main.obj (.text:T32Init)
                  00001190    00000054     rtsv7M4_T_le_v4SPD16_eabi.lib : boot.obj (.text)
                  000011e4    00000054                                   : exit.obj (.text)
                  00001238    0000004c                                   : cpy_tbl.obj (.text)
                  00001284    00000048                                   : fd_toi_t2.obj (.text)
                  000012cc    00000038                                   : fs_tod_t2.obj (.text)
                  00001304    00000036                                   : strncpy.obj (.text)
                  0000133a    00000002                                   : startup.obj (.text)
                  0000133c    00000028     main.obj (.text:sysTimerInit)
                  00001364    00000024     msp432p4xx_driverlib.lib : timer32_MSP432P4XX.obj (.text:Timer32_setCount)
                  00001388    00000020     rtsv7M4_T_le_v4SPD16_eabi.lib : u_tofd_t2.obj (.text)
                  000013a8    0000001c     main.obj (.text:main)
                  000013c4    00000018     rtsv7M4_T_le_v4SPD16_eabi.lib : args_main.obj (.text)
                  000013dc    00000018                                   : strcmp.obj (.text)
                  000013f4    00000016                                   : strchr.obj (.text)
                  0000140a    00000002     --HOLE-- [fill = 0]
                  0000140c    00000014                                   : _lock.obj (.text)
                  00001420    00000014                                   : strcpy.obj (.text)
                  00001434    00000014                                   : strlen.obj (.text)
                  00001448    0000000e                                   : copy_decompress_none.obj (.text:decompress:none)
                  00001456    0000000c     startup_msp432p401r_ccs.obj (.text:Reset_Handler)
                  00001462    0000000c     rtsv7M4_T_le_v4SPD16_eabi.lib : copy_zero_init.obj (.text:decompress:ZI)
                  0000146e    0000000a     msp432p4xx_driverlib.lib : timer32_MSP432P4XX.obj (.text:Timer32_clearInterruptFlag)
                  00001478    00000004     rtsv7M4_T_le_v4SPD16_eabi.lib : pre_init.obj (.text)

.cinit     0    00001480    00000090     
                  00001480    0000006a     (.cinit..data.load) [load image, compression = lzss]
                  000014ea    00000002     --HOLE-- [fill = 0]
                  000014ec    0000000c     (__TI_handler_table)
                  000014f8    00000008     (.cinit..bss.load) [load image, compression = zero_init]
                  00001500    00000010     (__TI_cinit_table)

.init_array 
*          0    00000000    00000000     UNINITIALIZED

.binit     0    00000000    00000000     

.data      0    20000000    000001f0     UNINITIALIZED
                  20000000    000000f0     rtsv7M4_T_le_v4SPD16_eabi.lib : defs.obj (.data:_ftable)
                  200000f0    000000d0                                   : lowlev.obj (.data:$O1$$)
                  200001c0    00000010                                   : defs.obj (.data)
                  200001d0    0000000c                                   : exit.obj (.data:$O1$$)
                  200001dc    00000008                                   : _lock.obj (.data:$O1$$)
                  200001e4    00000008     main.obj (.data)
                  200001ec    00000004     rtsv7M4_T_le_v4SPD16_eabi.lib : stkdepth_vars.obj (.data)

.bss       0    200001f0    0000012a     UNINITIALIZED
                  200001f0    00000120     rtsv7M4_T_le_v4SPD16_eabi.lib : trgmsg.obj (.bss:_CIOBUF_)
                  20000310    00000008                                   : trgdrv.obj (.bss:parmbuf)
                  20000318    00000002     main.obj (.bss)

.stack     0    2000fe00    00000200     UNINITIALIZED
                  2000fe00    00000200     --HOLE--

MODULE SUMMARY

       Module                        code   ro data   rw data
       ------                        ----   -------   -------
    ./
       main.obj                      720    0         20     
       system_msp432p401r.obj        120    0         0      
    +--+-----------------------------+------+---------+---------+
       Total:                        840    0         20     
                                                             
    ./ccs/
       startup_msp432p401r_ccs.obj   14     228       0      
    +--+-----------------------------+------+---------+---------+
       Total:                        14     228       0      
                                                             
    /Applications/ti/ccsv7/tools/compiler/ti-cgt-arm_16.9.3.LTS/lib/rtsv7M4_T_le_v4SPD16_eabi.lib
       lowlev.obj                    780    0         416    
       trgdrv.obj                    804    0         16     
       trgmsg.obj                    104    0         576    
       defs.obj                      0      0         512    
       fd_add_t2.obj                 438    0         0      
       fd_div_t2.obj                 310    0         0      
       fd_mul_t2.obj                 252    0         0      
       fflush.obj                    200    0         0      
       memcpy_t2.obj                 156    0         0      
       memset_t2.obj                 122    0         0      
       autoinit.obj                  112    0         0      
       fd_tos_t2.obj                 110    0         0      
       exit.obj                      84     0         24     
       copy_decompress_lzss.obj      104    0         0      
       boot.obj                      84     0         0      
       cpy_tbl.obj                   76     0         0      
       fd_toi_t2.obj                 72     0         0      
       fs_tod_t2.obj                 56     0         0      
       strncpy.obj                   54     0         0      
       _lock.obj                     20     0         16     
       u_tofd_t2.obj                 32     0         0      
       args_main.obj                 24     0         0      
       strcmp.obj                    24     0         0      
       strchr.obj                    22     0         0      
       strcpy.obj                    20     0         0      
       strlen.obj                    20     0         0      
       copy_decompress_none.obj      14     0         0      
       copy_zero_init.obj            12     0         0      
       stkdepth_vars.obj             0      0         8      
       pre_init.obj                  4      0         0      
       mpu_init.obj                  2      0         0      
       startup.obj                   2      0         0      
    +--+-----------------------------+------+---------+---------+
       Total:                        4114   0         1568   
                                                             
    /Applications/ti/simplelink_msp432p4_sdk_1_50_00_12/source/ti/devices/msp432p4xx/driverlib/ccs/msp432p4xx_driverlib.lib
       timer32_MSP432P4XX.obj        46     0         0      
    +--+-----------------------------+------+---------+---------+
       Total:                        46     0         0      
                                                             
       Stack:                        0      0         1024   
       Linker Generated:             0      142       0      
    +--+-----------------------------+------+---------+---------+
       Grand Total:                  5014   370       2612   


LINKER GENERATED COPY TABLES

__TI_cinit_table @ 00001500 records: 2, size/record: 8, table size: 16
	.data: load addr=00001480, load size=0000006a bytes, run addr=20000000, run size=000001f0 bytes, compression=lzss
	.bss: load addr=000014f8, load size=00000008 bytes, run addr=200001f0, run size=0000012a bytes, compression=zero_init


LINKER GENERATED HANDLER TABLE

__TI_handler_table @ 000014ec records: 3, size/record: 4, table size: 12
	index: 0, handler: __TI_decompress_lzss
	index: 1, handler: __TI_decompress_none
	index: 2, handler: __TI_zero_init


GLOBAL SYMBOLS: SORTED ALPHABETICALLY BY Name 

address   name                           
-------   ----                           
00000d3d  ADC14_IRQHandler               
00000d3d  ADC14_IRQHandler               
00000afd  ADCInit                        
00000e3f  AES256_IRQHandler              
00000e3f  BusFault_Handler               
000011e5  C$$EXIT                        
00001097  C$$IO$$                        
00000e3f  COMP_E0_IRQHandler             
00000e3f  COMP_E1_IRQHandler             
00000e3f  CS_IRQHandler                  
00000e3f  DMA_ERR_IRQHandler             
00000e3f  DMA_INT0_IRQHandler            
00000e3f  DMA_INT1_IRQHandler            
00000e3f  DMA_INT2_IRQHandler            
00000e3f  DMA_INT3_IRQHandler            
00000e3f  DebugMon_Handler               
00000e3f  Default_Handler                
00000e3f  EUSCIA0_IRQHandler             
00000e3f  EUSCIA1_IRQHandler             
00000e3f  EUSCIA2_IRQHandler             
00000e3f  EUSCIA3_IRQHandler             
00000e3f  EUSCIB0_IRQHandler             
00000e3f  EUSCIB1_IRQHandler             
00000e3f  EUSCIB2_IRQHandler             
00000e3f  EUSCIB3_IRQHandler             
00000e3f  FLCTL_IRQHandler               
00000e3f  FPU_IRQHandler                 
000003bf  HOSTclock                      
00000387  HOSTclose                      
00000349  HOSTgetenv                     
000002ed  HOSTlseek                      
0000029b  HOSTopen                       
0000024f  HOSTread                       
000001f1  HOSTrename                     
000001b7  HOSTtime                       
00000169  HOSTtime64                     
00000131  HOSTunlink                     
000000e5  HOSTwrite                      
00000e3f  HardFault_Handler              
000010d1  LED_PWM                        
00000e3f  MemManage_Handler              
00000e3f  NMI_Handler                    
00000e3f  PCM_IRQHandler                 
00000e3f  PORT1_IRQHandler               
00000e3f  PORT2_IRQHandler               
00000e3f  PORT3_IRQHandler               
00000e3f  PORT4_IRQHandler               
00000e3f  PORT5_IRQHandler               
00000e3f  PORT6_IRQHandler               
00000e3f  PSS_IRQHandler                 
00000e3f  PendSV_Handler                 
00000e3f  RTC_C_IRQHandler               
00001457  Reset_Handler                  
UNDEFED   SHT$$INIT_ARRAY$$Base          
UNDEFED   SHT$$INIT_ARRAY$$Limit         
00000e3f  SVC_Handler                    
00000e3f  SysTick_Handler                
00000e41  SystemInit                     
00001131  T32Init                        
00000f99  T32_INT1_IRQHandler            
00000f99  T32_INT1_IRQHandler            
00000e3f  T32_INT2_IRQHandler            
00000e3f  T32_INTC_IRQHandler            
00000e3f  TA0_0_IRQHandler               
00000e3f  TA0_N_IRQHandler               
00000e3f  TA1_0_IRQHandler               
00000e3f  TA1_N_IRQHandler               
00000e3f  TA2_0_IRQHandler               
00000e3f  TA2_N_IRQHandler               
00000e3f  TA3_0_IRQHandler               
00000e3f  TA3_N_IRQHandler               
0000146f  Timer32_clearInterruptFlag     
00001365  Timer32_setCount               
00000e3f  UsageFault_Handler             
4000480c  WDTCTL_SYM                     
00000e3f  WDT_A_IRQHandler               
200001f0  __CIOBUF_                      
20010000  __STACK_END                    
00000200  __STACK_SIZE                   
00001500  __TI_CINIT_Base                
00001510  __TI_CINIT_Limit               
000014ec  __TI_Handler_Table_Base        
000014f8  __TI_Handler_Table_Limit       
00000eb9  __TI_auto_init                 
200001d0  __TI_cleanup_ptr               
00001001  __TI_decompress_lzss           
00001449  __TI_decompress_none           
00000bd9  __TI_doflush                   
200001d4  __TI_dtors_ptr                 
200001d8  __TI_enable_exit_profile_output
200001c0  __TI_ft_end                    
ffffffff  __TI_pprof_out_hndl            
ffffffff  __TI_prof_data_size            
ffffffff  __TI_prof_data_start           
0000109b  __TI_readmsg                   
00000000  __TI_static_base__             
00001069  __TI_writemsg                  
00001463  __TI_zero_init                 
00000f29  __aeabi_d2f                    
00001285  __aeabi_d2iz                   
0000071f  __aeabi_dadd                   
000008cb  __aeabi_ddiv                   
00000a01  __aeabi_dmul                   
00000715  __aeabi_dsub                   
000012cd  __aeabi_f2d                    
00000dc5  __aeabi_memclr                 
00000dc5  __aeabi_memclr4                
00000dc5  __aeabi_memclr8                
00000ca1  __aeabi_memcpy                 
00000ca1  __aeabi_memcpy4                
00000ca1  __aeabi_memcpy8                
00000dc7  __aeabi_memset                 
00000dc7  __aeabi_memset4                
00000dc7  __aeabi_memset8                
200001cc  __aeabi_stderr                 
200001c4  __aeabi_stdin                  
200001c8  __aeabi_stdout                 
00001389  __aeabi_ui2d                   
ffffffff  __binit__                      
ffffffff  __c_args__                     
00000f97  __mpu_init                     
2000fe00  __stack                        
000013c5  _args_main                     
00001191  _c_int00                       
20000000  _ftable                        
200001dc  _lock                          
0000141b  _nop                           
00001413  _register_lock                 
0000140d  _register_unlock               
0000133b  _system_post_cinit             
00001479  _system_pre_init               
200001e0  _unlock                        
000011e9  abort                          
00000669  add_device                     
ffffffff  binit                          
00000619  close                          
00001239  copy_in                        
000011f1  exit                           
00000c25  fflush                         
200001e8  flag                           
00000000  interruptVectors               
000005f5  lseek                          
000013a9  main                           
200001ec  main_func_sp                   
00000ca1  memcpy                         
00000dcd  memset                         
00000547  open                           
00000523  read                           
000004fb  remove_device                  
000004bd  rename                         
000013f5  strchr                         
000013dd  strcmp                         
00001421  strcpy                         
00001435  strlen                         
00001305  strncpy                        
0000133d  sysTimerInit                   
00000499  unlink                         
00000409  write                          


GLOBAL SYMBOLS: SORTED BY Symbol Address 

address   name                           
-------   ----                           
00000000  __TI_static_base__             
00000000  interruptVectors               
000000e5  HOSTwrite                      
00000131  HOSTunlink                     
00000169  HOSTtime64                     
000001b7  HOSTtime                       
000001f1  HOSTrename                     
00000200  __STACK_SIZE                   
0000024f  HOSTread                       
0000029b  HOSTopen                       
000002ed  HOSTlseek                      
00000349  HOSTgetenv                     
00000387  HOSTclose                      
000003bf  HOSTclock                      
00000409  write                          
00000499  unlink                         
000004bd  rename                         
000004fb  remove_device                  
00000523  read                           
00000547  open                           
000005f5  lseek                          
00000619  close                          
00000669  add_device                     
00000715  __aeabi_dsub                   
0000071f  __aeabi_dadd                   
000008cb  __aeabi_ddiv                   
00000a01  __aeabi_dmul                   
00000afd  ADCInit                        
00000bd9  __TI_doflush                   
00000c25  fflush                         
00000ca1  __aeabi_memcpy                 
00000ca1  __aeabi_memcpy4                
00000ca1  __aeabi_memcpy8                
00000ca1  memcpy                         
00000d3d  ADC14_IRQHandler               
00000d3d  ADC14_IRQHandler               
00000dc5  __aeabi_memclr                 
00000dc5  __aeabi_memclr4                
00000dc5  __aeabi_memclr8                
00000dc7  __aeabi_memset                 
00000dc7  __aeabi_memset4                
00000dc7  __aeabi_memset8                
00000dcd  memset                         
00000e3f  AES256_IRQHandler              
00000e3f  BusFault_Handler               
00000e3f  COMP_E0_IRQHandler             
00000e3f  COMP_E1_IRQHandler             
00000e3f  CS_IRQHandler                  
00000e3f  DMA_ERR_IRQHandler             
00000e3f  DMA_INT0_IRQHandler            
00000e3f  DMA_INT1_IRQHandler            
00000e3f  DMA_INT2_IRQHandler            
00000e3f  DMA_INT3_IRQHandler            
00000e3f  DebugMon_Handler               
00000e3f  Default_Handler                
00000e3f  EUSCIA0_IRQHandler             
00000e3f  EUSCIA1_IRQHandler             
00000e3f  EUSCIA2_IRQHandler             
00000e3f  EUSCIA3_IRQHandler             
00000e3f  EUSCIB0_IRQHandler             
00000e3f  EUSCIB1_IRQHandler             
00000e3f  EUSCIB2_IRQHandler             
00000e3f  EUSCIB3_IRQHandler             
00000e3f  FLCTL_IRQHandler               
00000e3f  FPU_IRQHandler                 
00000e3f  HardFault_Handler              
00000e3f  MemManage_Handler              
00000e3f  NMI_Handler                    
00000e3f  PCM_IRQHandler                 
00000e3f  PORT1_IRQHandler               
00000e3f  PORT2_IRQHandler               
00000e3f  PORT3_IRQHandler               
00000e3f  PORT4_IRQHandler               
00000e3f  PORT5_IRQHandler               
00000e3f  PORT6_IRQHandler               
00000e3f  PSS_IRQHandler                 
00000e3f  PendSV_Handler                 
00000e3f  RTC_C_IRQHandler               
00000e3f  SVC_Handler                    
00000e3f  SysTick_Handler                
00000e3f  T32_INT2_IRQHandler            
00000e3f  T32_INTC_IRQHandler            
00000e3f  TA0_0_IRQHandler               
00000e3f  TA0_N_IRQHandler               
00000e3f  TA1_0_IRQHandler               
00000e3f  TA1_N_IRQHandler               
00000e3f  TA2_0_IRQHandler               
00000e3f  TA2_N_IRQHandler               
00000e3f  TA3_0_IRQHandler               
00000e3f  TA3_N_IRQHandler               
00000e3f  UsageFault_Handler             
00000e3f  WDT_A_IRQHandler               
00000e41  SystemInit                     
00000eb9  __TI_auto_init                 
00000f29  __aeabi_d2f                    
00000f97  __mpu_init                     
00000f99  T32_INT1_IRQHandler            
00000f99  T32_INT1_IRQHandler            
00001001  __TI_decompress_lzss           
00001069  __TI_writemsg                  
00001097  C$$IO$$                        
0000109b  __TI_readmsg                   
000010d1  LED_PWM                        
00001131  T32Init                        
00001191  _c_int00                       
000011e5  C$$EXIT                        
000011e9  abort                          
000011f1  exit                           
00001239  copy_in                        
00001285  __aeabi_d2iz                   
000012cd  __aeabi_f2d                    
00001305  strncpy                        
0000133b  _system_post_cinit             
0000133d  sysTimerInit                   
00001365  Timer32_setCount               
00001389  __aeabi_ui2d                   
000013a9  main                           
000013c5  _args_main                     
000013dd  strcmp                         
000013f5  strchr                         
0000140d  _register_unlock               
00001413  _register_lock                 
0000141b  _nop                           
00001421  strcpy                         
00001435  strlen                         
00001449  __TI_decompress_none           
00001457  Reset_Handler                  
00001463  __TI_zero_init                 
0000146f  Timer32_clearInterruptFlag     
00001479  _system_pre_init               
000014ec  __TI_Handler_Table_Base        
000014f8  __TI_Handler_Table_Limit       
00001500  __TI_CINIT_Base                
00001510  __TI_CINIT_Limit               
20000000  _ftable                        
200001c0  __TI_ft_end                    
200001c4  __aeabi_stdin                  
200001c8  __aeabi_stdout                 
200001cc  __aeabi_stderr                 
200001d0  __TI_cleanup_ptr               
200001d4  __TI_dtors_ptr                 
200001d8  __TI_enable_exit_profile_output
200001dc  _lock                          
200001e0  _unlock                        
200001e8  flag                           
200001ec  main_func_sp                   
200001f0  __CIOBUF_                      
2000fe00  __stack                        
20010000  __STACK_END                    
4000480c  WDTCTL_SYM                     
ffffffff  __TI_pprof_out_hndl            
ffffffff  __TI_prof_data_size            
ffffffff  __TI_prof_data_start           
ffffffff  __binit__                      
ffffffff  __c_args__                     
ffffffff  binit                          
UNDEFED   SHT$$INIT_ARRAY$$Base          
UNDEFED   SHT$$INIT_ARRAY$$Limit         

[158 symbols]
