******************************************************************************
                  TI ARM Linker Unix v16.9.3                   
******************************************************************************
>> Linked Tue Oct 24 01:56:07 2017

OUTPUT FILE NAME:   <FinalProject.out>
ENTRY POINT SYMBOL: "_c_int00"  address: 000031d9


MEMORY CONFIGURATION

         name            origin    length      used     unused   attr    fill
----------------------  --------  ---------  --------  --------  ----  --------
  MAIN                  00000000   00040000  00003809  0003c7f7  R  X
  INFO                  00200000   00004000  00000000  00004000  R  X
  SRAM_CODE             01000000   00010000  00000dd6  0000f22a  RW X
  SRAM_DATA             20000000   00010000  00000dd6  0000f22a  RW  


SEGMENT ALLOCATION MAP

run origin  load origin   length   init length attrs members
----------  ----------- ---------- ----------- ----- -------
00000000    00000000    00003810   00003810    r-x
  00000000    00000000    000000e4   000000e4    r-- .intvecs
  000000e4    000000e4    0000358c   0000358c    r-x .text
  00003670    00003670    00000101   00000101    r-- .const
  00003778    00003778    00000098   00000098    r-- .cinit
20000000    20000000    00000bd6   00000000    rw-
  20000000    20000000    00000800   00000000    rw- .sysmem
  20000800    20000800    0000020c   00000000    rw- .data
  20000a0c    20000a0c    000001ca   00000000    rw- .bss
2000fe00    2000fe00    00000200   00000000    rw-
  2000fe00    2000fe00    00000200   00000000    rw- .stack


SECTION ALLOCATION MAP

 output                                  attributes/
section   page    origin      length       input sections
--------  ----  ----------  ----------   ----------------
.intvecs   0    00000000    000000e4     
                  00000000    000000e4     startup_msp432p401r_ccs.obj (.intvecs:retain)

.text      0    000000e4    0000358c     
                  000000e4    0000113e     rtsv7M4_T_le_v4SPD16_eabi.lib : _printfi.obj (.text)
                  00001222    00000002     startup_msp432p401r_ccs.obj (.text:Default_Handler)
                  00001224    000003d0     rtsv7M4_T_le_v4SPD16_eabi.lib : memory.obj (.text)
                  000015f4    00000324                                   : trgdrv.obj (.text)
                  00001918    0000030c                                   : lowlev.obj (.text)
                  00001c24    000001f4                                   : ull_div_t2.obj (.text)
                  00001e18    000001c4                                   : fopen.obj (.text)
                  00001fdc    000001b6                                   : fd_add_t2.obj (.text)
                  00002192    00000136                                   : fd_div_t2.obj (.text)
                  000022c8    00000134                                   : fputs.obj (.text)
                  000023fc    0000011c     main.obj (.text:T32_INT1_IRQHandler)
                  00002518    000000fc     rtsv7M4_T_le_v4SPD16_eabi.lib : fd_mul_t2.obj (.text)
                  00002614    000000fc                                   : s_scalbn.obj (.text)
                  00002710    000000dc     main.obj (.text:ADCInit)
                  000027ec    000000dc     rtsv7M4_T_le_v4SPD16_eabi.lib : setvbuf.obj (.text)
                  000028c8    000000c8                                   : fflush.obj (.text)
                  00002990    000000ac                                   : _io_perm.obj (.text)
                  00002a3c    0000009c                                   : memcpy_t2.obj (.text)
                  00002ad8    00000098                                   : fclose.obj (.text)
                  00002b70    00000098                                   : fputc.obj (.text)
                  00002c08    00000088     main.obj (.text:ADC14_IRQHandler)
                  00002c90    00000086     rtsv7M4_T_le_v4SPD16_eabi.lib : fd_cmp_t2.obj (.text:__aeabi_cdcmple)
                  00002d16    00000086                                   : fd_cmp_t2.obj (.text:__aeabi_cdrcmple)
                  00002d9c    0000007a                                   : memset_t2.obj (.text)
                  00002e16    00000002                                   : mpu_init.obj (.text)
                  00002e18    00000078     system_msp432p401r.obj (.text:SystemInit)
                  00002e90    00000070     rtsv7M4_T_le_v4SPD16_eabi.lib : autoinit.obj (.text)
                  00002f00    00000070                                   : printf.obj (.text)
                  00002f70    0000006e                                   : fd_tos_t2.obj (.text)
                  00002fde    00000068                                   : copy_decompress_lzss.obj (.text:decompress:lzss)
                  00003046    00000002                                   : startup.obj (.text)
                  00003048    00000068                                   : trgmsg.obj (.text)
                  000030b0    00000064                                   : fseek.obj (.text)
                  00003114    00000064                                   : s_frexp.obj (.text)
                  00003178    00000060     main.obj (.text:T32Init)
                  000031d8    00000054     rtsv7M4_T_le_v4SPD16_eabi.lib : boot.obj (.text)
                  0000322c    00000054                                   : exit.obj (.text)
                  00003280    00000054                                   : ltoa.obj (.text)
                  000032d4    00000050     main.obj (.text:LED_PWM_SCREEN_BUZZER)
                  00003324    0000004c     rtsv7M4_T_le_v4SPD16_eabi.lib : atoi.obj (.text)
                  00003370    0000004c                                   : cpy_tbl.obj (.text)
                  000033bc    00000048                                   : fd_toi_t2.obj (.text)
                  00003404    0000003c     main.obj (.text:mainInit)
                  00003440    00000038     rtsv7M4_T_le_v4SPD16_eabi.lib : fs_tod_t2.obj (.text)
                  00003478    00000036                                   : strncpy.obj (.text)
                  000034ae    0000002e                                   : i_tofd_t2.obj (.text)
                  000034dc    00000028     main.obj (.text:sysTimerInit)
                  00003504    00000024     msp432p4xx_driverlib.lib : timer32_MSP432P4XX.obj (.text:Timer32_setCount)
                  00003528    00000020     main.obj (.text:main)
                  00003548    00000020     rtsv7M4_T_le_v4SPD16_eabi.lib : memchr.obj (.text)
                  00003568    00000020                                   : u_tofd_t2.obj (.text)
                  00003588    0000001c                                   : memccpy.obj (.text)
                  000035a4    00000018                                   : args_main.obj (.text)
                  000035bc    00000018                                   : strcmp.obj (.text)
                  000035d4    00000016                                   : strchr.obj (.text)
                  000035ea    00000002     --HOLE-- [fill = 0]
                  000035ec    00000014                                   : _lock.obj (.text)
                  00003600    00000014                                   : s_copysign.obj (.text)
                  00003614    00000014                                   : strcpy.obj (.text)
                  00003628    00000014                                   : strlen.obj (.text)
                  0000363c    0000000e                                   : copy_decompress_none.obj (.text:decompress:none)
                  0000364a    0000000c     startup_msp432p401r_ccs.obj (.text:Reset_Handler)
                  00003656    0000000c     rtsv7M4_T_le_v4SPD16_eabi.lib : copy_zero_init.obj (.text:decompress:ZI)
                  00003662    0000000a     msp432p4xx_driverlib.lib : timer32_MSP432P4XX.obj (.text:Timer32_clearInterruptFlag)
                  0000366c    00000004     rtsv7M4_T_le_v4SPD16_eabi.lib : pre_init.obj (.text)

.const     0    00003670    00000101     
                  00003670    00000101     rtsv7M4_T_le_v4SPD16_eabi.lib : ctype.obj (.const:.string:_ctypes_)

.cinit     0    00003778    00000098     
                  00003778    00000074     (.cinit..data.load) [load image, compression = lzss]
                  000037ec    0000000c     (__TI_handler_table)
                  000037f8    00000008     (.cinit..bss.load) [load image, compression = zero_init]
                  00003800    00000010     (__TI_cinit_table)

.init_array 
*          0    00000000    00000000     UNINITIALIZED

.binit     0    00000000    00000000     

.sysmem    0    20000000    00000800     UNINITIALIZED
                  20000000    00000008     rtsv7M4_T_le_v4SPD16_eabi.lib : memory.obj (.sysmem)
                  20000008    000007f8     --HOLE--

.data      0    20000800    0000020c     UNINITIALIZED
                  20000800    000000f0     rtsv7M4_T_le_v4SPD16_eabi.lib : defs.obj (.data:_ftable)
                  200008f0    000000d0                                   : lowlev.obj (.data:$O1$$)
                  200009c0    00000010     main.obj (.data)
                  200009d0    00000010     rtsv7M4_T_le_v4SPD16_eabi.lib : defs.obj (.data)
                  200009e0    0000000c                                   : exit.obj (.data:$O1$$)
                  200009ec    0000000c                                   : memory.obj (.data:$O1$$)
                  200009f8    00000008                                   : _lock.obj (.data:$O1$$)
                  20000a00    00000004                                   : errno.obj (.data)
                  20000a04    00000004                                   : fopen.obj (.data)
                  20000a08    00000004                                   : stkdepth_vars.obj (.data)

.bss       0    20000a0c    000001ca     UNINITIALIZED
                  20000a0c    00000120     rtsv7M4_T_le_v4SPD16_eabi.lib : trgmsg.obj (.bss:_CIOBUF_)
                  20000b2c    000000a0     (.common:__TI_tmpnams)
                  20000bcc    00000008                                   : trgdrv.obj (.bss:parmbuf)
                  20000bd4    00000002     main.obj (.bss)

.stack     0    2000fe00    00000200     UNINITIALIZED
                  2000fe00    00000200     --HOLE--

MODULE SUMMARY

       Module                        code    ro data   rw data
       ------                        ----    -------   -------
    ./
       main.obj                      948     0         36     
       system_msp432p401r.obj        120     0         0      
    +--+-----------------------------+-------+---------+---------+
       Total:                        1068    0         36     
                                                              
    ./ccs/
       startup_msp432p401r_ccs.obj   14      228       0      
    +--+-----------------------------+-------+---------+---------+
       Total:                        14      228       0      
                                                              
    /Applications/ti/ccsv7/tools/compiler/ti-cgt-arm_16.9.3.LTS/lib/rtsv7M4_T_le_v4SPD16_eabi.lib
       _printfi.obj                  4414    0         0      
       lowlev.obj                    780     0         416    
       memory.obj                    976     0         24     
       defs.obj                      0       0         832    
       trgdrv.obj                    804     0         16     
       trgmsg.obj                    104     0         576    
       ull_div_t2.obj                500     0         0      
       fopen.obj                     452     0         8      
       fd_add_t2.obj                 438     0         0      
       fd_div_t2.obj                 310     0         0      
       fputs.obj                     308     0         0      
       fd_cmp_t2.obj                 268     0         0      
       ctype.obj                     0       257       0      
       fd_mul_t2.obj                 252     0         0      
       s_scalbn.obj                  252     0         0      
       setvbuf.obj                   220     0         0      
       fflush.obj                    200     0         0      
       _io_perm.obj                  172     0         0      
       memcpy_t2.obj                 156     0         0      
       fclose.obj                    152     0         0      
       fputc.obj                     152     0         0      
       memset_t2.obj                 122     0         0      
       autoinit.obj                  112     0         0      
       printf.obj                    112     0         0      
       fd_tos_t2.obj                 110     0         0      
       exit.obj                      84      0         24     
       copy_decompress_lzss.obj      104     0         0      
       fseek.obj                     100     0         0      
       s_frexp.obj                   100     0         0      
       boot.obj                      84      0         0      
       ltoa.obj                      84      0         0      
       atoi.obj                      76      0         0      
       cpy_tbl.obj                   76      0         0      
       fd_toi_t2.obj                 72      0         0      
       fs_tod_t2.obj                 56      0         0      
       strncpy.obj                   54      0         0      
       i_tofd_t2.obj                 46      0         0      
       _lock.obj                     20      0         16     
       memchr.obj                    32      0         0      
       u_tofd_t2.obj                 32      0         0      
       memccpy.obj                   28      0         0      
       args_main.obj                 24      0         0      
       strcmp.obj                    24      0         0      
       strchr.obj                    22      0         0      
       s_copysign.obj                20      0         0      
       strcpy.obj                    20      0         0      
       strlen.obj                    20      0         0      
       copy_decompress_none.obj      14      0         0      
       copy_zero_init.obj            12      0         0      
       errno.obj                     0       0         8      
       stkdepth_vars.obj             0       0         8      
       pre_init.obj                  4       0         0      
       mpu_init.obj                  2       0         0      
       startup.obj                   2       0         0      
    +--+-----------------------------+-------+---------+---------+
       Total:                        12578   257       1928   
                                                              
    /Applications/ti/simplelink_msp432p4_sdk_1_50_00_12/source/ti/devices/msp432p4xx/driverlib/ccs/msp432p4xx_driverlib.lib
       timer32_MSP432P4XX.obj        46      0         0      
    +--+-----------------------------+-------+---------+---------+
       Total:                        46      0         0      
                                                              
       Heap:                         0       0         4096   
       Stack:                        0       0         1024   
       Linker Generated:             0       152       0      
    +--+-----------------------------+-------+---------+---------+
       Grand Total:                  13706   637       7084   


LINKER GENERATED COPY TABLES

__TI_cinit_table @ 00003800 records: 2, size/record: 8, table size: 16
	.data: load addr=00003778, load size=00000074 bytes, run addr=20000800, run size=0000020c bytes, compression=lzss
	.bss: load addr=000037f8, load size=00000008 bytes, run addr=20000a0c, run size=000001ca bytes, compression=zero_init


LINKER GENERATED HANDLER TABLE

__TI_handler_table @ 000037ec records: 3, size/record: 4, table size: 12
	index: 0, handler: __TI_decompress_lzss
	index: 1, handler: __TI_decompress_none
	index: 2, handler: __TI_zero_init


GLOBAL SYMBOLS: SORTED ALPHABETICALLY BY Name 

address   name                           
-------   ----                           
00002c09  ADC14_IRQHandler               
00002c09  ADC14_IRQHandler               
00002711  ADCInit                        
00001223  AES256_IRQHandler              
00001223  BusFault_Handler               
0000322d  C$$EXIT                        
00003077  C$$IO$$                        
00001223  COMP_E0_IRQHandler             
00001223  COMP_E1_IRQHandler             
00001223  CS_IRQHandler                  
00001223  DMA_ERR_IRQHandler             
00001223  DMA_INT0_IRQHandler            
00001223  DMA_INT1_IRQHandler            
00001223  DMA_INT2_IRQHandler            
00001223  DMA_INT3_IRQHandler            
00001223  DebugMon_Handler               
00001223  Default_Handler                
00001223  EUSCIA0_IRQHandler             
00001223  EUSCIA1_IRQHandler             
00001223  EUSCIA2_IRQHandler             
00001223  EUSCIA3_IRQHandler             
00001223  EUSCIB0_IRQHandler             
00001223  EUSCIB1_IRQHandler             
00001223  EUSCIB2_IRQHandler             
00001223  EUSCIB3_IRQHandler             
00001223  FLCTL_IRQHandler               
00001223  FPU_IRQHandler                 
000018cf  HOSTclock                      
00001897  HOSTclose                      
00001859  HOSTgetenv                     
000017fd  HOSTlseek                      
000017ab  HOSTopen                       
0000175f  HOSTread                       
00001701  HOSTrename                     
000016c7  HOSTtime                       
00001679  HOSTtime64                     
00001641  HOSTunlink                     
000015f5  HOSTwrite                      
00001223  HardFault_Handler              
000032d5  LED_PWM_SCREEN_BUZZER          
00001223  MemManage_Handler              
00001223  NMI_Handler                    
00001223  PCM_IRQHandler                 
00001223  PORT1_IRQHandler               
00001223  PORT2_IRQHandler               
00001223  PORT3_IRQHandler               
00001223  PORT4_IRQHandler               
00001223  PORT5_IRQHandler               
00001223  PORT6_IRQHandler               
00001223  PSS_IRQHandler                 
00001223  PendSV_Handler                 
00001223  RTC_C_IRQHandler               
0000364b  Reset_Handler                  
UNDEFED   SHT$$INIT_ARRAY$$Base          
UNDEFED   SHT$$INIT_ARRAY$$Limit         
00001223  SVC_Handler                    
00001223  SysTick_Handler                
00002e19  SystemInit                     
00003179  T32Init                        
000023fd  T32_INT1_IRQHandler            
000023fd  T32_INT1_IRQHandler            
00001223  T32_INT2_IRQHandler            
00001223  T32_INTC_IRQHandler            
00001223  TA0_0_IRQHandler               
00001223  TA0_N_IRQHandler               
00001223  TA1_0_IRQHandler               
00001223  TA1_N_IRQHandler               
00001223  TA2_0_IRQHandler               
00001223  TA2_N_IRQHandler               
00001223  TA3_0_IRQHandler               
00001223  TA3_N_IRQHandler               
00003663  Timer32_clearInterruptFlag     
00003505  Timer32_setCount               
00001223  UsageFault_Handler             
4000480c  WDTCTL_SYM                     
00001223  WDT_A_IRQHandler               
20000a0c  __CIOBUF_                      
20010000  __STACK_END                    
00000200  __STACK_SIZE                   
00000800  __SYSMEM_SIZE                  
00003800  __TI_CINIT_Base                
00003810  __TI_CINIT_Limit               
000037ec  __TI_Handler_Table_Base        
000037f8  __TI_Handler_Table_Limit       
00002e91  __TI_auto_init                 
00001ee1  __TI_cleanup                   
200009e0  __TI_cleanup_ptr               
00002ad9  __TI_closefile                 
00002fdf  __TI_decompress_lzss           
0000363d  __TI_decompress_none           
000028c9  __TI_doflush                   
200009e4  __TI_dtors_ptr                 
200009e8  __TI_enable_exit_profile_output
200009d0  __TI_ft_end                    
ffffffff  __TI_pprof_out_hndl            
00000929  __TI_printfi                   
ffffffff  __TI_prof_data_size            
ffffffff  __TI_prof_data_start           
000029f3  __TI_rd_ok                     
0000307b  __TI_readmsg                   
00000000  __TI_static_base__             
20000b2c  __TI_tmpnams                   
00003049  __TI_writemsg                  
00002991  __TI_wrt_ok                    
00003657  __TI_zero_init                 
00002c91  __aeabi_cdcmpeq                
00002c91  __aeabi_cdcmple                
00002d17  __aeabi_cdrcmple               
00002f71  __aeabi_d2f                    
000033bd  __aeabi_d2iz                   
00001fe7  __aeabi_dadd                   
00002193  __aeabi_ddiv                   
00002519  __aeabi_dmul                   
00001fdd  __aeabi_dsub                   
00003441  __aeabi_f2d                    
000034af  __aeabi_i2d                    
00002d9d  __aeabi_memclr                 
00002d9d  __aeabi_memclr4                
00002d9d  __aeabi_memclr8                
00002a3d  __aeabi_memcpy                 
00002a3d  __aeabi_memcpy4                
00002a3d  __aeabi_memcpy8                
00002d9f  __aeabi_memset                 
00002d9f  __aeabi_memset4                
00002d9f  __aeabi_memset8                
200009dc  __aeabi_stderr                 
200009d4  __aeabi_stdin                  
200009d8  __aeabi_stdout                 
00003569  __aeabi_ui2d                   
00001c25  __aeabi_uldivmod               
ffffffff  __binit__                      
ffffffff  __c_args__                     
00002e17  __mpu_init                     
2000fe00  __stack                        
000035a5  _args_main                     
000031d9  _c_int00                       
00003670  _ctypes_                       
20000800  _ftable                        
200009f8  _lock                          
000035fb  _nop                           
000035f3  _register_lock                 
000035ed  _register_unlock               
20000000  _sys_memory                    
00003047  _system_post_cinit             
0000366d  _system_pre_init               
200009fc  _unlock                        
00003231  abort                          
00001b79  add_device                     
200009c8  alarmState                     
00003325  atoi                           
ffffffff  binit                          
200009cc  buzzCount                      
000015c5  calloc                         
00001b29  close                          
00003371  copy_in                        
00003601  copysign                       
00003601  copysignl                      
20000a00  errno                          
00003239  exit                           
00002b3f  fclose                         
00002915  fflush                         
200009c4  flag                           
00001f37  fopen                          
00002b71  fputc                          
000022c9  fputs                          
0000130f  free                           
00001f0d  freopen                        
00003115  frexp                          
00003115  frexpl                         
000030b1  fseek                          
00000000  interruptVectors               
00002615  ldexp                          
00002615  ldexpl                         
00001b05  lseek                          
00003281  ltoa                           
00003529  main                           
00003405  mainInit                       
20000a08  main_func_sp                   
000012a5  malloc                         
000014d9  memalign                       
00003589  memccpy                        
00003549  memchr                         
00002a3d  memcpy                         
00002da5  memset                         
00001225  minit                          
00001a57  open                           
00002f09  printf                         
00002b71  putc                           
00002bf5  putchar                        
000023d5  puts                           
00001a33  read                           
000013d1  realloc                        
000019a9  remove                         
00001a0b  remove_device                  
000019cd  rename                         
00002615  scalbn                         
00002615  scalbnl                        
000027ed  setvbuf                        
000035d5  strchr                         
000035bd  strcmp                         
00003615  strcpy                         
00003629  strlen                         
00003479  strncpy                        
000034dd  sysTimerInit                   
000019a9  unlink                         
00001919  write                          


GLOBAL SYMBOLS: SORTED BY Symbol Address 

address   name                           
-------   ----                           
00000000  __TI_static_base__             
00000000  interruptVectors               
00000200  __STACK_SIZE                   
00000800  __SYSMEM_SIZE                  
00000929  __TI_printfi                   
00001223  AES256_IRQHandler              
00001223  BusFault_Handler               
00001223  COMP_E0_IRQHandler             
00001223  COMP_E1_IRQHandler             
00001223  CS_IRQHandler                  
00001223  DMA_ERR_IRQHandler             
00001223  DMA_INT0_IRQHandler            
00001223  DMA_INT1_IRQHandler            
00001223  DMA_INT2_IRQHandler            
00001223  DMA_INT3_IRQHandler            
00001223  DebugMon_Handler               
00001223  Default_Handler                
00001223  EUSCIA0_IRQHandler             
00001223  EUSCIA1_IRQHandler             
00001223  EUSCIA2_IRQHandler             
00001223  EUSCIA3_IRQHandler             
00001223  EUSCIB0_IRQHandler             
00001223  EUSCIB1_IRQHandler             
00001223  EUSCIB2_IRQHandler             
00001223  EUSCIB3_IRQHandler             
00001223  FLCTL_IRQHandler               
00001223  FPU_IRQHandler                 
00001223  HardFault_Handler              
00001223  MemManage_Handler              
00001223  NMI_Handler                    
00001223  PCM_IRQHandler                 
00001223  PORT1_IRQHandler               
00001223  PORT2_IRQHandler               
00001223  PORT3_IRQHandler               
00001223  PORT4_IRQHandler               
00001223  PORT5_IRQHandler               
00001223  PORT6_IRQHandler               
00001223  PSS_IRQHandler                 
00001223  PendSV_Handler                 
00001223  RTC_C_IRQHandler               
00001223  SVC_Handler                    
00001223  SysTick_Handler                
00001223  T32_INT2_IRQHandler            
00001223  T32_INTC_IRQHandler            
00001223  TA0_0_IRQHandler               
00001223  TA0_N_IRQHandler               
00001223  TA1_0_IRQHandler               
00001223  TA1_N_IRQHandler               
00001223  TA2_0_IRQHandler               
00001223  TA2_N_IRQHandler               
00001223  TA3_0_IRQHandler               
00001223  TA3_N_IRQHandler               
00001223  UsageFault_Handler             
00001223  WDT_A_IRQHandler               
00001225  minit                          
000012a5  malloc                         
0000130f  free                           
000013d1  realloc                        
000014d9  memalign                       
000015c5  calloc                         
000015f5  HOSTwrite                      
00001641  HOSTunlink                     
00001679  HOSTtime64                     
000016c7  HOSTtime                       
00001701  HOSTrename                     
0000175f  HOSTread                       
000017ab  HOSTopen                       
000017fd  HOSTlseek                      
00001859  HOSTgetenv                     
00001897  HOSTclose                      
000018cf  HOSTclock                      
00001919  write                          
000019a9  remove                         
000019a9  unlink                         
000019cd  rename                         
00001a0b  remove_device                  
00001a33  read                           
00001a57  open                           
00001b05  lseek                          
00001b29  close                          
00001b79  add_device                     
00001c25  __aeabi_uldivmod               
00001ee1  __TI_cleanup                   
00001f0d  freopen                        
00001f37  fopen                          
00001fdd  __aeabi_dsub                   
00001fe7  __aeabi_dadd                   
00002193  __aeabi_ddiv                   
000022c9  fputs                          
000023d5  puts                           
000023fd  T32_INT1_IRQHandler            
000023fd  T32_INT1_IRQHandler            
00002519  __aeabi_dmul                   
00002615  ldexp                          
00002615  ldexpl                         
00002615  scalbn                         
00002615  scalbnl                        
00002711  ADCInit                        
000027ed  setvbuf                        
000028c9  __TI_doflush                   
00002915  fflush                         
00002991  __TI_wrt_ok                    
000029f3  __TI_rd_ok                     
00002a3d  __aeabi_memcpy                 
00002a3d  __aeabi_memcpy4                
00002a3d  __aeabi_memcpy8                
00002a3d  memcpy                         
00002ad9  __TI_closefile                 
00002b3f  fclose                         
00002b71  fputc                          
00002b71  putc                           
00002bf5  putchar                        
00002c09  ADC14_IRQHandler               
00002c09  ADC14_IRQHandler               
00002c91  __aeabi_cdcmpeq                
00002c91  __aeabi_cdcmple                
00002d17  __aeabi_cdrcmple               
00002d9d  __aeabi_memclr                 
00002d9d  __aeabi_memclr4                
00002d9d  __aeabi_memclr8                
00002d9f  __aeabi_memset                 
00002d9f  __aeabi_memset4                
00002d9f  __aeabi_memset8                
00002da5  memset                         
00002e17  __mpu_init                     
00002e19  SystemInit                     
00002e91  __TI_auto_init                 
00002f09  printf                         
00002f71  __aeabi_d2f                    
00002fdf  __TI_decompress_lzss           
00003047  _system_post_cinit             
00003049  __TI_writemsg                  
00003077  C$$IO$$                        
0000307b  __TI_readmsg                   
000030b1  fseek                          
00003115  frexp                          
00003115  frexpl                         
00003179  T32Init                        
000031d9  _c_int00                       
0000322d  C$$EXIT                        
00003231  abort                          
00003239  exit                           
00003281  ltoa                           
000032d5  LED_PWM_SCREEN_BUZZER          
00003325  atoi                           
00003371  copy_in                        
000033bd  __aeabi_d2iz                   
00003405  mainInit                       
00003441  __aeabi_f2d                    
00003479  strncpy                        
000034af  __aeabi_i2d                    
000034dd  sysTimerInit                   
00003505  Timer32_setCount               
00003529  main                           
00003549  memchr                         
00003569  __aeabi_ui2d                   
00003589  memccpy                        
000035a5  _args_main                     
000035bd  strcmp                         
000035d5  strchr                         
000035ed  _register_unlock               
000035f3  _register_lock                 
000035fb  _nop                           
00003601  copysign                       
00003601  copysignl                      
00003615  strcpy                         
00003629  strlen                         
0000363d  __TI_decompress_none           
0000364b  Reset_Handler                  
00003657  __TI_zero_init                 
00003663  Timer32_clearInterruptFlag     
0000366d  _system_pre_init               
00003670  _ctypes_                       
000037ec  __TI_Handler_Table_Base        
000037f8  __TI_Handler_Table_Limit       
00003800  __TI_CINIT_Base                
00003810  __TI_CINIT_Limit               
20000000  _sys_memory                    
20000800  _ftable                        
200009c4  flag                           
200009c8  alarmState                     
200009cc  buzzCount                      
200009d0  __TI_ft_end                    
200009d4  __aeabi_stdin                  
200009d8  __aeabi_stdout                 
200009dc  __aeabi_stderr                 
200009e0  __TI_cleanup_ptr               
200009e4  __TI_dtors_ptr                 
200009e8  __TI_enable_exit_profile_output
200009f8  _lock                          
200009fc  _unlock                        
20000a00  errno                          
20000a08  main_func_sp                   
20000a0c  __CIOBUF_                      
20000b2c  __TI_tmpnams                   
2000fe00  __stack                        
20010000  __STACK_END                    
4000480c  WDTCTL_SYM                     
ffffffff  __TI_pprof_out_hndl            
ffffffff  __TI_prof_data_size            
ffffffff  __TI_prof_data_start           
ffffffff  __binit__                      
ffffffff  __c_args__                     
ffffffff  binit                          
UNDEFED   SHT$$INIT_ARRAY$$Base          
UNDEFED   SHT$$INIT_ARRAY$$Limit         

[206 symbols]
