******************************************************************************
                  TI ARM Linker Unix v16.9.3                   
******************************************************************************
>> Linked Mon Nov 13 14:30:16 2017

OUTPUT FILE NAME:   <FinalProject.out>
ENTRY POINT SYMBOL: "_c_int00"  address: 0000fa31


MEMORY CONFIGURATION

         name            origin    length      used     unused   attr    fill
----------------------  --------  ---------  --------  --------  ----  --------
  MAIN                  00000000   00040000  000103fb  0002fc05  R  X
  INFO                  00200000   00004000  00000000  00004000  R  X
  SRAM_CODE             01000000   00010000  00000e77  0000f189  RW X
  SRAM_DATA             20000000   00010000  00000e77  0000f189  RW  


SEGMENT ALLOCATION MAP

run origin  load origin   length   init length attrs members
----------  ----------- ---------- ----------- ----- -------
00000000    00000000    00010400   00010400    r-x
  00000000    00000000    000000e4   000000e4    r-- .intvecs
  000000e4    000000e4    0000ad25   0000ad25    r-- .const
  0000ae0c    0000ae0c    00005542   00005542    r-x .text
  00010350    00010350    000000b0   000000b0    r-- .cinit
20000000    20000000    00000c77   00000000    rw-
  20000000    20000000    00000800   00000000    rw- .sysmem
  20000800    20000800    0000027c   00000000    rw- .data
  20000a7c    20000a7c    000001fb   00000000    rw- .bss
2000fe00    2000fe00    00000200   00000000    rw-
  2000fe00    2000fe00    00000200   00000000    rw- .stack


SECTION ALLOCATION MAP

 output                                  attributes/
section   page    origin      length       input sections
--------  ----  ----------  ----------   ----------------
.intvecs   0    00000000    000000e4     
                  00000000    000000e4     startup_msp432p401r_ccs.obj (.intvecs:retain)

.const     0    000000e4    0000ad25     
                  000000e4    0000a000     Splash.obj (.const:GVAnchor)
                  0000a0e4    000004fb     ST7735.obj (.const:.string:Font)
                  0000a5df    00000001     --HOLE-- [fill = 0]
                  0000a5e0    00000410     Splash.obj (.const:GreenUnlock)
                  0000a9f0    00000280     Splash.obj (.const:RedLock)
                  0000ac70    00000101     rtsv7M4_T_le_v4SPD16_eabi.lib : ctype.obj (.const:.string:_ctypes_)
                  0000ad71    0000003b     ST7735.obj (.const:.string:Rcmd1)
                  0000adac    0000002b     ST7735.obj (.const:.string:Rcmd3)
                  0000add7    00000001     --HOLE-- [fill = 0]
                  0000add8    00000014     main.obj (.const:i2cConfig)
                  0000adec    0000000d     ST7735.obj (.const:.string:Rcmd2green)
                  0000adf9    0000000d     ST7735.obj (.const:.string:Rcmd2red)
                  0000ae06    00000003     main.obj (.const:.string:$P$T0$1)

.text      0    0000ae0c    00005542     
                  0000ae0c    0000113e     rtsv7M4_T_le_v4SPD16_eabi.lib : _printfi.obj (.text)
                  0000bf4a    00000002     startup_msp432p401r_ccs.obj (.text:Default_Handler)
                  0000bf4c    000003d0     rtsv7M4_T_le_v4SPD16_eabi.lib : memory.obj (.text)
                  0000c31c    00000324                                   : trgdrv.obj (.text)
                  0000c640    0000030c                                   : lowlev.obj (.text)
                  0000c94c    000002ac     main.obj (.text:setTime)
                  0000cbf8    00000208     ST7735.obj (.text:ST7735_DrawBitmap)
                  0000ce00    000001f4     rtsv7M4_T_le_v4SPD16_eabi.lib : ull_div_t2.obj (.text)
                  0000cff4    000001c4                                   : fopen.obj (.text)
                  0000d1b8    000001b6                                   : fd_add_t2.obj (.text)
                  0000d36e    00000002                                   : mpu_init.obj (.text)
                  0000d370    0000019c     main.obj (.text:alarm)
                  0000d50c    00000184     main.obj (.text:mainScreen)
                  0000d690    0000017c     ST7735.obj (.text:ST7735_DrawCharS)
                  0000d80c    00000158     main.obj (.text:enterPasscode)
                  0000d964    00000136     rtsv7M4_T_le_v4SPD16_eabi.lib : fd_div_t2.obj (.text)
                  0000da9a    00000002                                   : startup.obj (.text)
                  0000da9c    00000134                                   : fputs.obj (.text)
                  0000dbd0    00000130     main.obj (.text:armed)
                  0000dd00    0000011c     main.obj (.text:changePasscode)
                  0000de1c    00000114     ST7735.obj (.text:ST7735_FillRect)
                  0000df30    00000110     main.obj (.text:menuDisplay)
                  0000e040    0000010c     main.obj (.text:T32_INT1_IRQHandler)
                  0000e14c    00000100     ST7735.obj (.text:commonInit)
                  0000e24c    000000fc     main.obj (.text:bcdToDecTime)
                  0000e348    000000fc     rtsv7M4_T_le_v4SPD16_eabi.lib : fd_mul_t2.obj (.text)
                  0000e444    000000fc                                   : s_scalbn.obj (.text)
                  0000e540    000000f4     main.obj (.text:RTCMultibyteRead)
                  0000e634    000000f0     main.obj (.text:main)
                  0000e724    000000e0     ST7735.obj (.text:ST7735_OutChar)
                  0000e804    000000dc     main.obj (.text:ADCInit)
                  0000e8e0    000000dc     rtsv7M4_T_le_v4SPD16_eabi.lib : setvbuf.obj (.text)
                  0000e9bc    000000c8                                   : fflush.obj (.text)
                  0000ea84    000000b8     main.obj (.text:RTCMultibyteWrite)
                  0000eb3c    000000b4     main.obj (.text:keypad_getkey)
                  0000ebf0    000000ac     rtsv7M4_T_le_v4SPD16_eabi.lib : _io_perm.obj (.text)
                  0000ec9c    0000009c     msp432p4xx_driverlib.lib : cs_MSP432P4XX.obj (.text:CS_startHFXTWithTimeout)
                  0000ed38    0000009c     rtsv7M4_T_le_v4SPD16_eabi.lib : memcpy_t2.obj (.text)
                  0000edd4    0000009a     main.obj (.text:pressed)
                  0000ee6e    00000098     ST7735.obj (.text:commandList)
                  0000ef06    00000002     --HOLE-- [fill = 0]
                  0000ef08    00000098     rtsv7M4_T_le_v4SPD16_eabi.lib : fclose.obj (.text)
                  0000efa0    00000088     main.obj (.text:ADC14_IRQHandler)
                  0000f028    00000088     ST7735.obj (.text:ST7735_InitR)
                  0000f0b0    00000088     ST7735.obj (.text:ST7735_OutUDec)
                  0000f138    00000088     main.obj (.text:getTime)
                  0000f1c0    00000088     ST7735.obj (.text:setAddrWindow)
                  0000f248    00000086     rtsv7M4_T_le_v4SPD16_eabi.lib : fd_cmp_t2.obj (.text:__aeabi_cdcmple)
                  0000f2ce    00000086                                   : fd_cmp_t2.obj (.text:__aeabi_cdrcmple)
                  0000f354    00000084     main.obj (.text:getPasscode)
                  0000f3d8    00000080     ST7735.obj (.text:ST7735_DrawString)
                  0000f458    0000007a     rtsv7M4_T_le_v4SPD16_eabi.lib : memset_t2.obj (.text)
                  0000f4d2    00000002     --HOLE-- [fill = 0]
                  0000f4d4    00000078     system_msp432p401r.obj (.text:SystemInit)
                  0000f54c    00000070     main.obj (.text:Clock_Init48MHz)
                  0000f5bc    00000070     msp432p4xx_driverlib.lib : cs_MSP432P4XX.obj (.text:_CSGetHFXTFrequency)
                  0000f62c    00000070     rtsv7M4_T_le_v4SPD16_eabi.lib : autoinit.obj (.text)
                  0000f69c    00000070                                   : printf.obj (.text)
                  0000f70c    0000006e                                   : fd_tos_t2.obj (.text)
                  0000f77a    00000068                                   : copy_decompress_lzss.obj (.text:decompress:lzss)
                  0000f7e2    00000002     --HOLE-- [fill = 0]
                  0000f7e4    00000068                                   : trgmsg.obj (.text)
                  0000f84c    00000064     ST7735.obj (.text:ST7735_DrawPixel)
                  0000f8b0    00000064     main.obj (.text:T32Init)
                  0000f914    00000064     rtsv7M4_T_le_v4SPD16_eabi.lib : fseek.obj (.text)
                  0000f978    00000064                                   : s_frexp.obj (.text)
                  0000f9dc    00000054     msp432p4xx_driverlib.lib : i2c_MSP432P4XX.obj (.text:I2C_masterSendMultiByteFinish)
                  0000fa30    00000054     rtsv7M4_T_le_v4SPD16_eabi.lib : boot.obj (.text)
                  0000fa84    00000054                                   : exit.obj (.text)
                  0000fad8    00000054                                   : ltoa.obj (.text)
                  0000fb2c    00000052     main.obj (.text:getRTCButton)
                  0000fb7e    00000002     --HOLE-- [fill = 0]
                  0000fb80    00000050     main.obj (.text:LED_PWM_SCREEN_BUZZER)
                  0000fbd0    0000004c     ST7735.obj (.text:fillmessage)
                  0000fc1c    0000004c     main.obj (.text:release)
                  0000fc68    0000004c     rtsv7M4_T_le_v4SPD16_eabi.lib : atoi.obj (.text)
                  0000fcb4    0000004c                                   : cpy_tbl.obj (.text)
                  0000fd00    00000048                                   : fd_toi_t2.obj (.text)
                  0000fd48    00000048     main.obj (.text:setUpI2C)
                  0000fd90    00000044     ST7735.obj (.text:writecommand)
                  0000fdd4    00000044     ST7735.obj (.text:writedata)
                  0000fe18    00000040     msp432p4xx_driverlib.lib : i2c_MSP432P4XX.obj (.text:I2C_masterSendMultiByteStart)
                  0000fe58    00000040     main.obj (.text:checkPasscode)
                  0000fe98    0000003c     main.obj (.text:mainInit)
                  0000fed4    00000038     main.obj (.text:debounce)
                  0000ff0c    00000038     rtsv7M4_T_le_v4SPD16_eabi.lib : fs_tod_t2.obj (.text)
                  0000ff44    00000036                                   : strncpy.obj (.text)
                  0000ff7a    00000002     --HOLE-- [fill = 0]
                  0000ff7c    00000034     main.obj (.text:sysDelay)
                  0000ffb0    00000030     ST7735.obj (.text:ST7735_SetCursor)
                  0000ffe0    0000002e     rtsv7M4_T_le_v4SPD16_eabi.lib : i_tofd_t2.obj (.text)
                  0001000e    00000002     --HOLE-- [fill = 0]
                  00010010    0000002c     ST7735.obj (.text:ST7735_FillScreen)
                  0001003c    0000002c     main.obj (.text:armSystem)
                  00010068    0000002c     main.obj (.text:menu)
                  00010094    0000002a     main.obj (.text:sysDelaySec)
                  000100be    00000002     --HOLE-- [fill = 0]
                  000100c0    00000028     main.obj (.text:sysTimerInit)
                  000100e8    00000024     msp432p4xx_driverlib.lib : timer32_MSP432P4XX.obj (.text:Timer32_setCount)
                  0001010c    00000020     rtsv7M4_T_le_v4SPD16_eabi.lib : memchr.obj (.text)
                  0001012c    00000020                                   : u_tofd_t2.obj (.text)
                  0001014c    00000020     Splash.obj (.text:splash)
                  0001016c    0000001e     ST7735.obj (.text:Delay1ms)
                  0001018a    0000001c     ST7735.obj (.text:pushColor)
                  000101a6    0000001c     rtsv7M4_T_le_v4SPD16_eabi.lib : memccpy.obj (.text)
                  000101c2    00000002     --HOLE-- [fill = 0]
                  000101c4    00000018     ST7735.obj (.text:ST7735_SetTextColor)
                  000101dc    00000018     Splash.obj (.text:lock)
                  000101f4    00000018     rtsv7M4_T_le_v4SPD16_eabi.lib : args_main.obj (.text)
                  0001020c    00000018                                   : strcmp.obj (.text)
                  00010224    00000018     Splash.obj (.text:unlock)
                  0001023c    00000016     rtsv7M4_T_le_v4SPD16_eabi.lib : strchr.obj (.text)
                  00010252    00000002     --HOLE-- [fill = 0]
                  00010254    00000014     msp432p4xx_driverlib.lib : cs_MSP432P4XX.obj (.text:CS_setExternalClockSourceFrequency)
                  00010268    00000014     rtsv7M4_T_le_v4SPD16_eabi.lib : _lock.obj (.text)
                  0001027c    00000014                                   : s_copysign.obj (.text)
                  00010290    00000014                                   : strcpy.obj (.text)
                  000102a4    00000014                                   : strlen.obj (.text)
                  000102b8    00000012     ST7735.obj (.text:fputc)
                  000102ca    00000002     --HOLE-- [fill = 0]
                  000102cc    00000010     msp432p4xx_driverlib.lib : sysctl_a_MSP432P4XX.obj (.text:SysCtl_A_disableNMISource)
                  000102dc    00000010                              : sysctl_a_MSP432P4XX.obj (.text:SysCtl_A_enableNMISource)
                  000102ec    00000010                              : sysctl_a_MSP432P4XX.obj (.text:SysCtl_A_getNMISourceStatus)
                  000102fc    0000000e     rtsv7M4_T_le_v4SPD16_eabi.lib : copy_decompress_none.obj (.text:decompress:none)
                  0001030a    0000000e     ST7735.obj (.text:parrotdelay)
                  00010318    0000000c     startup_msp432p401r_ccs.obj (.text:Reset_Handler)
                  00010324    0000000c     rtsv7M4_T_le_v4SPD16_eabi.lib : copy_zero_init.obj (.text:decompress:ZI)
                  00010330    0000000a     ST7735.obj (.text:Output_Clear)
                  0001033a    0000000a     msp432p4xx_driverlib.lib : timer32_MSP432P4XX.obj (.text:Timer32_clearInterruptFlag)
                  00010344    00000006                              : cs_MSP432P4XX.obj (.text:CS_startHFXT)
                  0001034a    00000004     rtsv7M4_T_le_v4SPD16_eabi.lib : pre_init.obj (.text)

.cinit     0    00010350    000000b0     
                  00010350    0000008b     (.cinit..data.load) [load image, compression = lzss]
                  000103db    00000001     --HOLE-- [fill = 0]
                  000103dc    0000000c     (__TI_handler_table)
                  000103e8    00000008     (.cinit..bss.load) [load image, compression = zero_init]
                  000103f0    00000010     (__TI_cinit_table)

.init_array 
*          0    00000000    00000000     UNINITIALIZED

.binit     0    00000000    00000000     

.sysmem    0    20000000    00000800     UNINITIALIZED
                  20000000    00000008     rtsv7M4_T_le_v4SPD16_eabi.lib : memory.obj (.sysmem)
                  20000008    000007f8     --HOLE--

.data      0    20000800    0000027c     UNINITIALIZED
                  20000800    000000f0     rtsv7M4_T_le_v4SPD16_eabi.lib : defs.obj (.data:_ftable)
                  200008f0    000000d0                                   : lowlev.obj (.data:$O1$$)
                  200009c0    0000004c     main.obj (.data)
                  20000a0c    00000014     ST7735.obj (.data)
                  20000a20    00000010     main.obj (.data:key)
                  20000a30    00000010     main.obj (.data:passcode)
                  20000a40    00000010     rtsv7M4_T_le_v4SPD16_eabi.lib : defs.obj (.data)
                  20000a50    0000000c                                   : exit.obj (.data:$O1$$)
                  20000a5c    0000000c                                   : memory.obj (.data:$O1$$)
                  20000a68    00000008                                   : _lock.obj (.data:$O1$$)
                  20000a70    00000004                                   : errno.obj (.data)
                  20000a74    00000004                                   : fopen.obj (.data)
                  20000a78    00000004                                   : stkdepth_vars.obj (.data)

.bss       0    20000a7c    000001fb     UNINITIALIZED
                  20000a7c    00000120     rtsv7M4_T_le_v4SPD16_eabi.lib : trgmsg.obj (.bss:_CIOBUF_)
                  20000b9c    000000a0     (.common:__TI_tmpnams)
                  20000c3c    0000000c     (.common:Message)
                  20000c48    00000008     msp432p4xx_driverlib.lib : cs_MSP432P4XX.obj (.bss)
                  20000c50    00000008     rtsv7M4_T_le_v4SPD16_eabi.lib : trgdrv.obj (.bss:parmbuf)
                  20000c58    00000008     (.common:RTC_registers)
                  20000c60    00000004     ST7735.obj (.bss)
                  20000c64    00000004     (.common:Messageindex)
                  20000c68    00000004     (.common:alarmState)
                  20000c6c    00000004     (.common:keyVal)
                  20000c70    00000004     (.common:selection)
                  20000c74    00000002     main.obj (.bss)
                  20000c76    00000001     (.common:code)

.stack     0    2000fe00    00000200     UNINITIALIZED
                  2000fe00    00000200     --HOLE--

MODULE SUMMARY

       Module                        code    ro data   rw data
       ------                        ----    -------   -------
    ./
       Splash.obj                    80      42640     0      
       main.obj                      5758    23        262    
       ST7735.obj                    2872    1403      80     
       system_msp432p401r.obj        120     0         0      
    +--+-----------------------------+-------+---------+---------+
       Total:                        8830    44066     342    
                                                              
    ./ccs/
       startup_msp432p401r_ccs.obj   14      228       0      
    +--+-----------------------------+-------+---------+---------+
       Total:                        14      228       0      
                                                              
    /Applications/ti/ccsv7/tools/compiler/ti-cgt-arm_16.9.3.LTS/lib/rtsv7M4_T_le_v4SPD16_eabi.lib
       _printfi.obj                  4414    0         0      
       lowlev.obj                    780     0         416    
       memory.obj                    976     0         24     
       defs.obj                      0       0         832    
       trgdrv.obj                    804     0         16     
       trgmsg.obj                    104     0         576    
       ull_div_t2.obj                500     0         0      
       fopen.obj                     452     0         8      
       fd_add_t2.obj                 438     0         0      
       fd_div_t2.obj                 310     0         0      
       fputs.obj                     308     0         0      
       fd_cmp_t2.obj                 268     0         0      
       ctype.obj                     0       257       0      
       fd_mul_t2.obj                 252     0         0      
       s_scalbn.obj                  252     0         0      
       setvbuf.obj                   220     0         0      
       fflush.obj                    200     0         0      
       _io_perm.obj                  172     0         0      
       memcpy_t2.obj                 156     0         0      
       fclose.obj                    152     0         0      
       memset_t2.obj                 122     0         0      
       autoinit.obj                  112     0         0      
       printf.obj                    112     0         0      
       fd_tos_t2.obj                 110     0         0      
       exit.obj                      84      0         24     
       copy_decompress_lzss.obj      104     0         0      
       fseek.obj                     100     0         0      
       s_frexp.obj                   100     0         0      
       boot.obj                      84      0         0      
       ltoa.obj                      84      0         0      
       atoi.obj                      76      0         0      
       cpy_tbl.obj                   76      0         0      
       fd_toi_t2.obj                 72      0         0      
       fs_tod_t2.obj                 56      0         0      
       strncpy.obj                   54      0         0      
       i_tofd_t2.obj                 46      0         0      
       _lock.obj                     20      0         16     
       memchr.obj                    32      0         0      
       u_tofd_t2.obj                 32      0         0      
       memccpy.obj                   28      0         0      
       args_main.obj                 24      0         0      
       strcmp.obj                    24      0         0      
       strchr.obj                    22      0         0      
       s_copysign.obj                20      0         0      
       strcpy.obj                    20      0         0      
       strlen.obj                    20      0         0      
       copy_decompress_none.obj      14      0         0      
       copy_zero_init.obj            12      0         0      
       errno.obj                     0       0         8      
       stkdepth_vars.obj             0       0         8      
       pre_init.obj                  4       0         0      
       mpu_init.obj                  2       0         0      
       startup.obj                   2       0         0      
    +--+-----------------------------+-------+---------+---------+
       Total:                        12426   257       1928   
                                                              
    /Applications/ti/simplelink_msp432p4_sdk_1_50_00_12/source/ti/devices/msp432p4xx/driverlib/ccs/msp432p4xx_driverlib.lib
       cs_MSP432P4XX.obj             294     0         16     
       i2c_MSP432P4XX.obj            148     0         0      
       sysctl_a_MSP432P4XX.obj       48      0         0      
       timer32_MSP432P4XX.obj        46      0         0      
    +--+-----------------------------+-------+---------+---------+
       Total:                        536     0         16     
                                                              
       Heap:                         0       0         4096   
       Stack:                        0       0         1024   
       Linker Generated:             0       175       0      
    +--+-----------------------------+-------+---------+---------+
       Grand Total:                  21806   44726     7406   


LINKER GENERATED COPY TABLES

__TI_cinit_table @ 000103f0 records: 2, size/record: 8, table size: 16
	.data: load addr=00010350, load size=0000008b bytes, run addr=20000800, run size=0000027c bytes, compression=lzss
	.bss: load addr=000103e8, load size=00000008 bytes, run addr=20000a7c, run size=000001fb bytes, compression=zero_init


LINKER GENERATED HANDLER TABLE

__TI_handler_table @ 000103dc records: 3, size/record: 4, table size: 12
	index: 0, handler: __TI_decompress_lzss
	index: 1, handler: __TI_decompress_none
	index: 2, handler: __TI_zero_init


GLOBAL SYMBOLS: SORTED ALPHABETICALLY BY Name 

address   name                              
-------   ----                              
0000efa1  ADC14_IRQHandler                  
0000efa1  ADC14_IRQHandler                  
0000e805  ADCInit                           
0000bf4b  AES256_IRQHandler                 
0000bf4b  BusFault_Handler                  
0000fa85  C$$EXIT                           
0000f813  C$$IO$$                           
0000bf4b  COMP_E0_IRQHandler                
0000bf4b  COMP_E1_IRQHandler                
0000bf4b  CS_IRQHandler                     
00010255  CS_setExternalClockSourceFrequency
00010345  CS_startHFXT                      
0000ec9d  CS_startHFXTWithTimeout           
0000f54d  Clock_Init48MHz                   
0000bf4b  DMA_ERR_IRQHandler                
0000bf4b  DMA_INT0_IRQHandler               
0000bf4b  DMA_INT1_IRQHandler               
0000bf4b  DMA_INT2_IRQHandler               
0000bf4b  DMA_INT3_IRQHandler               
0000bf4b  DebugMon_Handler                  
0000bf4b  Default_Handler                   
0001016d  Delay1ms                          
0000bf4b  EUSCIA0_IRQHandler                
0000bf4b  EUSCIA1_IRQHandler                
0000bf4b  EUSCIA2_IRQHandler                
0000bf4b  EUSCIA3_IRQHandler                
0000bf4b  EUSCIB0_IRQHandler                
0000bf4b  EUSCIB1_IRQHandler                
0000bf4b  EUSCIB2_IRQHandler                
0000bf4b  EUSCIB3_IRQHandler                
0000bf4b  FLCTL_IRQHandler                  
0000bf4b  FPU_IRQHandler                    
000000e4  GVAnchor                          
0000a5e0  GreenUnlock                       
0000c5f7  HOSTclock                         
0000c5bf  HOSTclose                         
0000c581  HOSTgetenv                        
0000c525  HOSTlseek                         
0000c4d3  HOSTopen                          
0000c487  HOSTread                          
0000c429  HOSTrename                        
0000c3ef  HOSTtime                          
0000c3a1  HOSTtime64                        
0000c369  HOSTunlink                        
0000c31d  HOSTwrite                         
0000bf4b  HardFault_Handler                 
0000f9dd  I2C_masterSendMultiByteFinish     
0000fe19  I2C_masterSendMultiByteStart      
0000fb81  LED_PWM_SCREEN_BUZZER             
0000bf4b  MemManage_Handler                 
20000c3c  Message                           
20000c64  Messageindex                      
0000bf4b  NMI_Handler                       
00010331  Output_Clear                      
200009e7  P4IntFlag                         
0000bf4b  PCM_IRQHandler                    
0000bf4b  PORT1_IRQHandler                  
0000bf4b  PORT2_IRQHandler                  
0000bf4b  PORT3_IRQHandler                  
0000bf4b  PORT4_IRQHandler                  
0000bf4b  PORT5_IRQHandler                  
0000bf4b  PORT6_IRQHandler                  
0000bf4b  PSS_IRQHandler                    
0000bf4b  PendSV_Handler                    
200009e8  PoundFlag                         
20000a08  RTCFlag                           
0000e541  RTCMultibyteRead                  
0000ea85  RTCMultibyteWrite                 
0000bf4b  RTC_C_IRQHandler                  
20000c58  RTC_registers                     
0000a9f0  RedLock                           
00010319  Reset_Handler                     
UNDEFED   SHT$$INIT_ARRAY$$Base             
UNDEFED   SHT$$INIT_ARRAY$$Limit            
0000cbf9  ST7735_DrawBitmap                 
0000d691  ST7735_DrawCharS                  
0000f84d  ST7735_DrawPixel                  
0000f3d9  ST7735_DrawString                 
0000de1d  ST7735_FillRect                   
00010011  ST7735_FillScreen                 
0000f029  ST7735_InitR                      
0000e725  ST7735_OutChar                    
0000f0b1  ST7735_OutUDec                    
0000ffb1  ST7735_SetCursor                  
000101c5  ST7735_SetTextColor               
0000bf4b  SVC_Handler                       
20000a14  StTextColor                       
20000a0c  StX                               
20000a10  StY                               
000102cd  SysCtl_A_disableNMISource         
000102dd  SysCtl_A_enableNMISource          
000102ed  SysCtl_A_getNMISourceStatus       
0000bf4b  SysTick_Handler                   
0000f4d5  SystemInit                        
0000f8b1  T32Init                           
0000e041  T32_INT1_IRQHandler               
0000e041  T32_INT1_IRQHandler               
0000bf4b  T32_INT2_IRQHandler               
0000bf4b  T32_INTC_IRQHandler               
0000bf4b  TA0_0_IRQHandler                  
0000bf4b  TA0_N_IRQHandler                  
0000bf4b  TA1_0_IRQHandler                  
0000bf4b  TA1_N_IRQHandler                  
0000bf4b  TA2_0_IRQHandler                  
0000bf4b  TA2_N_IRQHandler                  
0000bf4b  TA3_0_IRQHandler                  
0000bf4b  TA3_N_IRQHandler                  
0001033b  Timer32_clearInterruptFlag        
000100e9  Timer32_setCount                  
0000bf4b  UsageFault_Handler                
4000480c  WDTCTL_SYM                        
0000bf4b  WDT_A_IRQHandler                  
20000a7c  __CIOBUF_                         
20010000  __STACK_END                       
00000200  __STACK_SIZE                      
00000800  __SYSMEM_SIZE                     
000103f0  __TI_CINIT_Base                   
00010400  __TI_CINIT_Limit                  
000103dc  __TI_Handler_Table_Base           
000103e8  __TI_Handler_Table_Limit          
0000f62d  __TI_auto_init                    
0000d0bd  __TI_cleanup                      
20000a50  __TI_cleanup_ptr                  
0000ef09  __TI_closefile                    
0000f77b  __TI_decompress_lzss              
000102fd  __TI_decompress_none              
0000e9bd  __TI_doflush                      
20000a54  __TI_dtors_ptr                    
20000a58  __TI_enable_exit_profile_output   
20000a40  __TI_ft_end                       
ffffffff  __TI_pprof_out_hndl               
0000b651  __TI_printfi                      
ffffffff  __TI_prof_data_size               
ffffffff  __TI_prof_data_start              
0000ec53  __TI_rd_ok                        
0000f817  __TI_readmsg                      
00000000  __TI_static_base__                
20000b9c  __TI_tmpnams                      
0000f7e5  __TI_writemsg                     
0000ebf1  __TI_wrt_ok                       
00010325  __TI_zero_init                    
0000f249  __aeabi_cdcmpeq                   
0000f249  __aeabi_cdcmple                   
0000f2cf  __aeabi_cdrcmple                  
0000f70d  __aeabi_d2f                       
0000fd01  __aeabi_d2iz                      
0000d1c3  __aeabi_dadd                      
0000d965  __aeabi_ddiv                      
0000e349  __aeabi_dmul                      
0000d1b9  __aeabi_dsub                      
0000ff0d  __aeabi_f2d                       
0000ffe1  __aeabi_i2d                       
0000f459  __aeabi_memclr                    
0000f459  __aeabi_memclr4                   
0000f459  __aeabi_memclr8                   
0000ed39  __aeabi_memcpy                    
0000ed39  __aeabi_memcpy4                   
0000ed39  __aeabi_memcpy8                   
0000f45b  __aeabi_memset                    
0000f45b  __aeabi_memset4                   
0000f45b  __aeabi_memset8                   
20000a4c  __aeabi_stderr                    
20000a44  __aeabi_stdin                     
20000a48  __aeabi_stdout                    
0001012d  __aeabi_ui2d                      
0000ce01  __aeabi_uldivmod                  
ffffffff  __binit__                         
ffffffff  __c_args__                        
0000d36f  __mpu_init                        
2000fe00  __stack                           
000101f5  _args_main                        
0000fa31  _c_int00                          
0000ac70  _ctypes_                          
20000800  _ftable                           
20000a68  _lock                             
00010277  _nop                              
0001026f  _register_lock                    
00010269  _register_unlock                  
20000000  _sys_memory                       
0000da9b  _system_post_cinit                
0001034b  _system_pre_init                  
20000a6c  _unlock                           
0000fa89  abort                             
0000c8a1  add_device                        
0000d371  alarm                             
200009f0  alarmFlag                         
20000c68  alarmState                        
200009ec  armCode                           
200009c0  armStat                           
0001003d  armSystem                         
0000dbd1  armed                             
0000fc69  atoi                              
200009e4  bcdDate                           
200009e3  bcdDay                            
200009e2  bcdHour                           
200009e1  bcdMinute                         
200009e5  bcdMonth                          
200009e0  bcdSecond                         
0000e24d  bcdToDecTime                      
200009e6  bcdYear                           
ffffffff  binit                             
200009d4  button_value                      
20000a04  buzzCount                         
0000c2ed  calloc                            
0000dd01  changePasscode                    
0000fe59  checkPasscode                     
0000c851  close                             
20000c76  code                              
0000fcb5  copy_in                           
0001027d  copysign                          
0001027d  copysignl                         
0000fed5  debounce                          
200009dc  detected                          
200009f4  disarmFlag                        
0000d80d  enterPasscode                     
20000a70  errno                             
0000fa91  exit                              
0000ef6f  fclose                            
0000ea09  fflush                            
0000fbd1  fillmessage                       
20000a00  flag                              
0000d113  fopen                             
000102b9  fputc                             
0000da9d  fputs                             
0000c037  free                              
0000d0e9  freopen                           
0000f979  frexp                             
0000f979  frexpl                            
0000f915  fseek                             
0000f355  getPasscode                       
0000fb2d  getRTCButton                      
0000f139  getTime                           
0000add8  i2cConfig                         
00000000  interruptVectors                  
20000a20  key                               
20000c6c  keyVal                            
0000eb3d  keypad_getkey                     
20000a1c  lastj                             
0000e445  ldexp                             
0000e445  ldexpl                            
000101dd  lock                              
0000c82d  lseek                             
0000fad9  ltoa                              
0000e635  main                              
0000fe99  mainInit                          
0000d50d  mainScreen                        
20000a78  main_func_sp                      
0000bfcd  malloc                            
0000c201  memalign                          
000101a7  memccpy                           
0001010d  memchr                            
0000ed39  memcpy                            
0000f461  memset                            
00010069  menu                              
0000df31  menuDisplay                       
0000bf4d  minit                             
200009c4  noCode                            
0000c77f  open                              
0001030b  parrotdelay                       
20000a30  passcode                          
200009d8  passcodeEntry                     
0000edd5  pressed                           
0000f6a5  printf                            
0000dba9  puts                              
0000c75b  read                              
0000c0f9  realloc                           
0000fc1d  release                           
0000c6d1  remove                            
0000c733  remove_device                     
0000c6f5  rename                            
0000e445  scalbn                            
0000e445  scalbnl                           
200009d0  scrColor                          
200009cc  selected                          
20000c70  selection                         
0000c94d  setTime                           
0000fd49  setUpI2C                          
0000e8e1  setvbuf                           
0001014d  splash                            
0001023d  strchr                            
0001020d  strcmp                            
00010291  strcpy                            
000102a5  strlen                            
0000ff45  strncpy                           
200009c8  successFlag                       
0000ff7d  sysDelay                          
00010095  sysDelaySec                       
000100c1  sysTimerInit                      
200009f8  timeFlag                          
0000c6d1  unlink                            
00010225  unlock                            
0000c641  write                             


GLOBAL SYMBOLS: SORTED BY Symbol Address 

address   name                              
-------   ----                              
00000000  __TI_static_base__                
00000000  interruptVectors                  
000000e4  GVAnchor                          
00000200  __STACK_SIZE                      
00000800  __SYSMEM_SIZE                     
0000a5e0  GreenUnlock                       
0000a9f0  RedLock                           
0000ac70  _ctypes_                          
0000add8  i2cConfig                         
0000b651  __TI_printfi                      
0000bf4b  AES256_IRQHandler                 
0000bf4b  BusFault_Handler                  
0000bf4b  COMP_E0_IRQHandler                
0000bf4b  COMP_E1_IRQHandler                
0000bf4b  CS_IRQHandler                     
0000bf4b  DMA_ERR_IRQHandler                
0000bf4b  DMA_INT0_IRQHandler               
0000bf4b  DMA_INT1_IRQHandler               
0000bf4b  DMA_INT2_IRQHandler               
0000bf4b  DMA_INT3_IRQHandler               
0000bf4b  DebugMon_Handler                  
0000bf4b  Default_Handler                   
0000bf4b  EUSCIA0_IRQHandler                
0000bf4b  EUSCIA1_IRQHandler                
0000bf4b  EUSCIA2_IRQHandler                
0000bf4b  EUSCIA3_IRQHandler                
0000bf4b  EUSCIB0_IRQHandler                
0000bf4b  EUSCIB1_IRQHandler                
0000bf4b  EUSCIB2_IRQHandler                
0000bf4b  EUSCIB3_IRQHandler                
0000bf4b  FLCTL_IRQHandler                  
0000bf4b  FPU_IRQHandler                    
0000bf4b  HardFault_Handler                 
0000bf4b  MemManage_Handler                 
0000bf4b  NMI_Handler                       
0000bf4b  PCM_IRQHandler                    
0000bf4b  PORT1_IRQHandler                  
0000bf4b  PORT2_IRQHandler                  
0000bf4b  PORT3_IRQHandler                  
0000bf4b  PORT4_IRQHandler                  
0000bf4b  PORT5_IRQHandler                  
0000bf4b  PORT6_IRQHandler                  
0000bf4b  PSS_IRQHandler                    
0000bf4b  PendSV_Handler                    
0000bf4b  RTC_C_IRQHandler                  
0000bf4b  SVC_Handler                       
0000bf4b  SysTick_Handler                   
0000bf4b  T32_INT2_IRQHandler               
0000bf4b  T32_INTC_IRQHandler               
0000bf4b  TA0_0_IRQHandler                  
0000bf4b  TA0_N_IRQHandler                  
0000bf4b  TA1_0_IRQHandler                  
0000bf4b  TA1_N_IRQHandler                  
0000bf4b  TA2_0_IRQHandler                  
0000bf4b  TA2_N_IRQHandler                  
0000bf4b  TA3_0_IRQHandler                  
0000bf4b  TA3_N_IRQHandler                  
0000bf4b  UsageFault_Handler                
0000bf4b  WDT_A_IRQHandler                  
0000bf4d  minit                             
0000bfcd  malloc                            
0000c037  free                              
0000c0f9  realloc                           
0000c201  memalign                          
0000c2ed  calloc                            
0000c31d  HOSTwrite                         
0000c369  HOSTunlink                        
0000c3a1  HOSTtime64                        
0000c3ef  HOSTtime                          
0000c429  HOSTrename                        
0000c487  HOSTread                          
0000c4d3  HOSTopen                          
0000c525  HOSTlseek                         
0000c581  HOSTgetenv                        
0000c5bf  HOSTclose                         
0000c5f7  HOSTclock                         
0000c641  write                             
0000c6d1  remove                            
0000c6d1  unlink                            
0000c6f5  rename                            
0000c733  remove_device                     
0000c75b  read                              
0000c77f  open                              
0000c82d  lseek                             
0000c851  close                             
0000c8a1  add_device                        
0000c94d  setTime                           
0000cbf9  ST7735_DrawBitmap                 
0000ce01  __aeabi_uldivmod                  
0000d0bd  __TI_cleanup                      
0000d0e9  freopen                           
0000d113  fopen                             
0000d1b9  __aeabi_dsub                      
0000d1c3  __aeabi_dadd                      
0000d36f  __mpu_init                        
0000d371  alarm                             
0000d50d  mainScreen                        
0000d691  ST7735_DrawCharS                  
0000d80d  enterPasscode                     
0000d965  __aeabi_ddiv                      
0000da9b  _system_post_cinit                
0000da9d  fputs                             
0000dba9  puts                              
0000dbd1  armed                             
0000dd01  changePasscode                    
0000de1d  ST7735_FillRect                   
0000df31  menuDisplay                       
0000e041  T32_INT1_IRQHandler               
0000e041  T32_INT1_IRQHandler               
0000e24d  bcdToDecTime                      
0000e349  __aeabi_dmul                      
0000e445  ldexp                             
0000e445  ldexpl                            
0000e445  scalbn                            
0000e445  scalbnl                           
0000e541  RTCMultibyteRead                  
0000e635  main                              
0000e725  ST7735_OutChar                    
0000e805  ADCInit                           
0000e8e1  setvbuf                           
0000e9bd  __TI_doflush                      
0000ea09  fflush                            
0000ea85  RTCMultibyteWrite                 
0000eb3d  keypad_getkey                     
0000ebf1  __TI_wrt_ok                       
0000ec53  __TI_rd_ok                        
0000ec9d  CS_startHFXTWithTimeout           
0000ed39  __aeabi_memcpy                    
0000ed39  __aeabi_memcpy4                   
0000ed39  __aeabi_memcpy8                   
0000ed39  memcpy                            
0000edd5  pressed                           
0000ef09  __TI_closefile                    
0000ef6f  fclose                            
0000efa1  ADC14_IRQHandler                  
0000efa1  ADC14_IRQHandler                  
0000f029  ST7735_InitR                      
0000f0b1  ST7735_OutUDec                    
0000f139  getTime                           
0000f249  __aeabi_cdcmpeq                   
0000f249  __aeabi_cdcmple                   
0000f2cf  __aeabi_cdrcmple                  
0000f355  getPasscode                       
0000f3d9  ST7735_DrawString                 
0000f459  __aeabi_memclr                    
0000f459  __aeabi_memclr4                   
0000f459  __aeabi_memclr8                   
0000f45b  __aeabi_memset                    
0000f45b  __aeabi_memset4                   
0000f45b  __aeabi_memset8                   
0000f461  memset                            
0000f4d5  SystemInit                        
0000f54d  Clock_Init48MHz                   
0000f62d  __TI_auto_init                    
0000f6a5  printf                            
0000f70d  __aeabi_d2f                       
0000f77b  __TI_decompress_lzss              
0000f7e5  __TI_writemsg                     
0000f813  C$$IO$$                           
0000f817  __TI_readmsg                      
0000f84d  ST7735_DrawPixel                  
0000f8b1  T32Init                           
0000f915  fseek                             
0000f979  frexp                             
0000f979  frexpl                            
0000f9dd  I2C_masterSendMultiByteFinish     
0000fa31  _c_int00                          
0000fa85  C$$EXIT                           
0000fa89  abort                             
0000fa91  exit                              
0000fad9  ltoa                              
0000fb2d  getRTCButton                      
0000fb81  LED_PWM_SCREEN_BUZZER             
0000fbd1  fillmessage                       
0000fc1d  release                           
0000fc69  atoi                              
0000fcb5  copy_in                           
0000fd01  __aeabi_d2iz                      
0000fd49  setUpI2C                          
0000fe19  I2C_masterSendMultiByteStart      
0000fe59  checkPasscode                     
0000fe99  mainInit                          
0000fed5  debounce                          
0000ff0d  __aeabi_f2d                       
0000ff45  strncpy                           
0000ff7d  sysDelay                          
0000ffb1  ST7735_SetCursor                  
0000ffe1  __aeabi_i2d                       
00010011  ST7735_FillScreen                 
0001003d  armSystem                         
00010069  menu                              
00010095  sysDelaySec                       
000100c1  sysTimerInit                      
000100e9  Timer32_setCount                  
0001010d  memchr                            
0001012d  __aeabi_ui2d                      
0001014d  splash                            
0001016d  Delay1ms                          
000101a7  memccpy                           
000101c5  ST7735_SetTextColor               
000101dd  lock                              
000101f5  _args_main                        
0001020d  strcmp                            
00010225  unlock                            
0001023d  strchr                            
00010255  CS_setExternalClockSourceFrequency
00010269  _register_unlock                  
0001026f  _register_lock                    
00010277  _nop                              
0001027d  copysign                          
0001027d  copysignl                         
00010291  strcpy                            
000102a5  strlen                            
000102b9  fputc                             
000102cd  SysCtl_A_disableNMISource         
000102dd  SysCtl_A_enableNMISource          
000102ed  SysCtl_A_getNMISourceStatus       
000102fd  __TI_decompress_none              
0001030b  parrotdelay                       
00010319  Reset_Handler                     
00010325  __TI_zero_init                    
00010331  Output_Clear                      
0001033b  Timer32_clearInterruptFlag        
00010345  CS_startHFXT                      
0001034b  _system_pre_init                  
000103dc  __TI_Handler_Table_Base           
000103e8  __TI_Handler_Table_Limit          
000103f0  __TI_CINIT_Base                   
00010400  __TI_CINIT_Limit                  
20000000  _sys_memory                       
20000800  _ftable                           
200009c0  armStat                           
200009c4  noCode                            
200009c8  successFlag                       
200009cc  selected                          
200009d0  scrColor                          
200009d4  button_value                      
200009d8  passcodeEntry                     
200009dc  detected                          
200009e0  bcdSecond                         
200009e1  bcdMinute                         
200009e2  bcdHour                           
200009e3  bcdDay                            
200009e4  bcdDate                           
200009e5  bcdMonth                          
200009e6  bcdYear                           
200009e7  P4IntFlag                         
200009e8  PoundFlag                         
200009ec  armCode                           
200009f0  alarmFlag                         
200009f4  disarmFlag                        
200009f8  timeFlag                          
20000a00  flag                              
20000a04  buzzCount                         
20000a08  RTCFlag                           
20000a0c  StX                               
20000a10  StY                               
20000a14  StTextColor                       
20000a1c  lastj                             
20000a20  key                               
20000a30  passcode                          
20000a40  __TI_ft_end                       
20000a44  __aeabi_stdin                     
20000a48  __aeabi_stdout                    
20000a4c  __aeabi_stderr                    
20000a50  __TI_cleanup_ptr                  
20000a54  __TI_dtors_ptr                    
20000a58  __TI_enable_exit_profile_output   
20000a68  _lock                             
20000a6c  _unlock                           
20000a70  errno                             
20000a78  main_func_sp                      
20000a7c  __CIOBUF_                         
20000b9c  __TI_tmpnams                      
20000c3c  Message                           
20000c58  RTC_registers                     
20000c64  Messageindex                      
20000c68  alarmState                        
20000c6c  keyVal                            
20000c70  selection                         
20000c76  code                              
2000fe00  __stack                           
20010000  __STACK_END                       
4000480c  WDTCTL_SYM                        
ffffffff  __TI_pprof_out_hndl               
ffffffff  __TI_prof_data_size               
ffffffff  __TI_prof_data_start              
ffffffff  __binit__                         
ffffffff  __c_args__                        
ffffffff  binit                             
UNDEFED   SHT$$INIT_ARRAY$$Base             
UNDEFED   SHT$$INIT_ARRAY$$Limit            

[292 symbols]
