******************************************************************************
                  TI ARM Linker Unix v16.9.3                   
******************************************************************************
>> Linked Sun Oct 22 21:10:04 2017

OUTPUT FILE NAME:   <FinalProject.out>
ENTRY POINT SYMBOL: "_c_int00"  address: 00000755


MEMORY CONFIGURATION

         name            origin    length      used     unused   attr    fill
----------------------  --------  ---------  --------  --------  ----  --------
  MAIN                  00000000   00040000  000009f8  0003f608  R  X
  INFO                  00200000   00004000  00000000  00004000  R  X
  SRAM_CODE             01000000   00010000  00000a24  0000f5dc  RW X
  SRAM_DATA             20000000   00010000  00000a24  0000f5dc  RW  


SEGMENT ALLOCATION MAP

run origin  load origin   length   init length attrs members
----------  ----------- ---------- ----------- ----- -------
00000000    00000000    000009f8   000009f8    r-x
  00000000    00000000    000000e4   000000e4    r-- .intvecs
  000000e4    000000e4    000008dc   000008dc    r-x .text
  000009c0    000009c0    00000038   00000038    r-- .cinit
20000000    20000000    00000824   00000000    rw-
  20000000    20000000    00000800   00000000    rw- .sysmem
  20000800    20000800    0000001c   00000000    rw- .data
  2000081c    2000081c    00000008   00000000    rw- .bss
2000fe00    2000fe00    00000200   00000000    rw-
  2000fe00    2000fe00    00000200   00000000    rw- .stack


SECTION ALLOCATION MAP

 output                                  attributes/
section   page    origin      length       input sections
--------  ----  ----------  ----------   ----------------
.intvecs   0    00000000    000000e4     
                  00000000    000000e4     startup_msp432p401r_ccs.obj (.intvecs:retain)

.text      0    000000e4    000008dc     
                  000000e4    00000136     rtsv7M4_T_le_v4SPD16_eabi.lib : fd_div_t2.obj (.text)
                  0000021a    000000fc                                   : fd_mul_t2.obj (.text)
                  00000316    00000002     startup_msp432p401r_ccs.obj (.text:Default_Handler)
                  00000318    000000dc     main.obj (.text:ADCInit)
                  000003f4    0000009c     rtsv7M4_T_le_v4SPD16_eabi.lib : memcpy_t2.obj (.text)
                  00000490    00000088     main.obj (.text:ADC14_IRQHandler)
                  00000518    0000007a     rtsv7M4_T_le_v4SPD16_eabi.lib : memset_t2.obj (.text)
                  00000592    00000002                                   : mpu_init.obj (.text)
                  00000594    00000078     system_msp432p401r.obj (.text:SystemInit)
                  0000060c    00000070     rtsv7M4_T_le_v4SPD16_eabi.lib : autoinit.obj (.text)
                  0000067c    0000006e                                   : fd_tos_t2.obj (.text)
                  000006ea    00000068                                   : copy_decompress_lzss.obj (.text:decompress:lzss)
                  00000752    00000002                                   : startup.obj (.text)
                  00000754    00000054                                   : boot.obj (.text)
                  000007a8    00000054                                   : exit.obj (.text)
                  000007fc    0000004c                                   : cpy_tbl.obj (.text)
                  00000848    00000048     msp432p4xx_driverlib.lib : timer32_MSP432P4XX.obj (.text:Timer32_initModule)
                  00000890    00000044     main.obj (.text:main)
                  000008d4    00000028     main.obj (.text:sysTimerInit)
                  000008fc    00000024     msp432p4xx_driverlib.lib : timer32_MSP432P4XX.obj (.text:Timer32_setCount)
                  00000920    00000020                              : timer32_MSP432P4XX.obj (.text:Timer32_startTimer)
                  00000940    00000020     rtsv7M4_T_le_v4SPD16_eabi.lib : u_tofd_t2.obj (.text)
                  00000960    00000018                                   : args_main.obj (.text)
                  00000978    00000014                                   : _lock.obj (.text)
                  0000098c    0000000e                                   : copy_decompress_none.obj (.text:decompress:none)
                  0000099a    0000000c     startup_msp432p401r_ccs.obj (.text:Reset_Handler)
                  000009a6    0000000c     rtsv7M4_T_le_v4SPD16_eabi.lib : copy_zero_init.obj (.text:decompress:ZI)
                  000009b2    0000000a     msp432p4xx_driverlib.lib : timer32_MSP432P4XX.obj (.text:Timer32_enableInterrupt)
                  000009bc    00000004     rtsv7M4_T_le_v4SPD16_eabi.lib : pre_init.obj (.text)

.cinit     0    000009c0    00000038     
                  000009c0    00000013     (.cinit..data.load) [load image, compression = lzss]
                  000009d3    00000001     --HOLE-- [fill = 0]
                  000009d4    0000000c     (__TI_handler_table)
                  000009e0    00000008     (.cinit..bss.load) [load image, compression = zero_init]
                  000009e8    00000010     (__TI_cinit_table)

.init_array 
*          0    00000000    00000000     UNINITIALIZED

.binit     0    00000000    00000000     

.sysmem    0    20000000    00000800     UNINITIALIZED
                  20000000    00000008     rtsv7M4_T_le_v4SPD16_eabi.lib : memory.obj (.sysmem)
                  20000008    000007f8     --HOLE--

.data      0    20000800    0000001c     UNINITIALIZED
                  20000800    0000000c     rtsv7M4_T_le_v4SPD16_eabi.lib : exit.obj (.data:$O1$$)
                  2000080c    00000008                                   : _lock.obj (.data:$O1$$)
                  20000814    00000004     main.obj (.data)
                  20000818    00000004     rtsv7M4_T_le_v4SPD16_eabi.lib : stkdepth_vars.obj (.data)

.bss       0    2000081c    00000008     UNINITIALIZED
                  2000081c    00000008     main.obj (.bss)

.stack     0    2000fe00    00000200     UNINITIALIZED
                  2000fe00    00000200     --HOLE--

MODULE SUMMARY

       Module                        code   ro data   rw data
       ------                        ----   -------   -------
    ./
       main.obj                      464    0         24     
       system_msp432p401r.obj        120    0         0      
    +--+-----------------------------+------+---------+---------+
       Total:                        584    0         24     
                                                             
    ./ccs/
       startup_msp432p401r_ccs.obj   14     228       0      
    +--+-----------------------------+------+---------+---------+
       Total:                        14     228       0      
                                                             
    /Applications/ti/ccsv7/tools/compiler/ti-cgt-arm_16.9.3.LTS/lib/rtsv7M4_T_le_v4SPD16_eabi.lib
       fd_div_t2.obj                 310    0         0      
       fd_mul_t2.obj                 252    0         0      
       memcpy_t2.obj                 156    0         0      
       memset_t2.obj                 122    0         0      
       autoinit.obj                  112    0         0      
       fd_tos_t2.obj                 110    0         0      
       exit.obj                      84     0         24     
       copy_decompress_lzss.obj      104    0         0      
       boot.obj                      84     0         0      
       cpy_tbl.obj                   76     0         0      
       _lock.obj                     20     0         16     
       u_tofd_t2.obj                 32     0         0      
       args_main.obj                 24     0         0      
       copy_decompress_none.obj      14     0         0      
       copy_zero_init.obj            12     0         0      
       stkdepth_vars.obj             0      0         8      
       pre_init.obj                  4      0         0      
       mpu_init.obj                  2      0         0      
       startup.obj                   2      0         0      
    +--+-----------------------------+------+---------+---------+
       Total:                        1520   0         48     
                                                             
    /Applications/ti/simplelink_msp432p4_sdk_1_50_00_12/source/ti/devices/msp432p4xx/driverlib/ccs/msp432p4xx_driverlib.lib
       timer32_MSP432P4XX.obj        150    0         0      
    +--+-----------------------------+------+---------+---------+
       Total:                        150    0         0      
                                                             
       Heap:                         0      0         4096   
       Stack:                        0      0         1024   
       Linker Generated:             0      55        0      
    +--+-----------------------------+------+---------+---------+
       Grand Total:                  2268   283       5192   


LINKER GENERATED COPY TABLES

__TI_cinit_table @ 000009e8 records: 2, size/record: 8, table size: 16
	.data: load addr=000009c0, load size=00000013 bytes, run addr=20000800, run size=0000001c bytes, compression=lzss
	.bss: load addr=000009e0, load size=00000008 bytes, run addr=2000081c, run size=00000008 bytes, compression=zero_init


LINKER GENERATED HANDLER TABLE

__TI_handler_table @ 000009d4 records: 3, size/record: 4, table size: 12
	index: 0, handler: __TI_decompress_lzss
	index: 1, handler: __TI_decompress_none
	index: 2, handler: __TI_zero_init


GLOBAL SYMBOLS: SORTED ALPHABETICALLY BY Name 

address   name                           
-------   ----                           
00000491  ADC14_IRQHandler               
00000491  ADC14_IRQHandler               
00000319  ADCInit                        
00000317  AES256_IRQHandler              
00000317  BusFault_Handler               
000007a9  C$$EXIT                        
00000317  COMP_E0_IRQHandler             
00000317  COMP_E1_IRQHandler             
00000317  CS_IRQHandler                  
00000317  DMA_ERR_IRQHandler             
00000317  DMA_INT0_IRQHandler            
00000317  DMA_INT1_IRQHandler            
00000317  DMA_INT2_IRQHandler            
00000317  DMA_INT3_IRQHandler            
00000317  DebugMon_Handler               
00000317  Default_Handler                
00000317  EUSCIA0_IRQHandler             
00000317  EUSCIA1_IRQHandler             
00000317  EUSCIA2_IRQHandler             
00000317  EUSCIA3_IRQHandler             
00000317  EUSCIB0_IRQHandler             
00000317  EUSCIB1_IRQHandler             
00000317  EUSCIB2_IRQHandler             
00000317  EUSCIB3_IRQHandler             
00000317  FLCTL_IRQHandler               
00000317  FPU_IRQHandler                 
00000317  HardFault_Handler              
00000317  MemManage_Handler              
00000317  NMI_Handler                    
00000317  PCM_IRQHandler                 
00000317  PORT1_IRQHandler               
00000317  PORT2_IRQHandler               
00000317  PORT3_IRQHandler               
00000317  PORT4_IRQHandler               
00000317  PORT5_IRQHandler               
00000317  PORT6_IRQHandler               
00000317  PSS_IRQHandler                 
00000317  PendSV_Handler                 
00000317  RTC_C_IRQHandler               
0000099b  Reset_Handler                  
UNDEFED   SHT$$INIT_ARRAY$$Base          
UNDEFED   SHT$$INIT_ARRAY$$Limit         
00000317  SVC_Handler                    
00000317  SysTick_Handler                
00000595  SystemInit                     
00000317  T32_INT1_IRQHandler            
00000317  T32_INT2_IRQHandler            
00000317  T32_INTC_IRQHandler            
00000317  TA0_0_IRQHandler               
00000317  TA0_N_IRQHandler               
00000317  TA1_0_IRQHandler               
00000317  TA1_N_IRQHandler               
00000317  TA2_0_IRQHandler               
00000317  TA2_N_IRQHandler               
00000317  TA3_0_IRQHandler               
00000317  TA3_N_IRQHandler               
000009b3  Timer32_enableInterrupt        
00000849  Timer32_initModule             
000008fd  Timer32_setCount               
00000921  Timer32_startTimer             
00000317  UsageFault_Handler             
4000480c  WDTCTL_SYM                     
00000317  WDT_A_IRQHandler               
20010000  __STACK_END                    
00000200  __STACK_SIZE                   
00000800  __SYSMEM_SIZE                  
000009e8  __TI_CINIT_Base                
000009f8  __TI_CINIT_Limit               
000009d4  __TI_Handler_Table_Base        
000009e0  __TI_Handler_Table_Limit       
0000060d  __TI_auto_init                 
20000800  __TI_cleanup_ptr               
000006eb  __TI_decompress_lzss           
0000098d  __TI_decompress_none           
20000804  __TI_dtors_ptr                 
20000808  __TI_enable_exit_profile_output
ffffffff  __TI_pprof_out_hndl            
ffffffff  __TI_prof_data_size            
ffffffff  __TI_prof_data_start           
00000000  __TI_static_base__             
000009a7  __TI_zero_init                 
0000067d  __aeabi_d2f                    
000000e5  __aeabi_ddiv                   
0000021b  __aeabi_dmul                   
00000519  __aeabi_memclr                 
00000519  __aeabi_memclr4                
00000519  __aeabi_memclr8                
000003f5  __aeabi_memcpy                 
000003f5  __aeabi_memcpy4                
000003f5  __aeabi_memcpy8                
0000051b  __aeabi_memset                 
0000051b  __aeabi_memset4                
0000051b  __aeabi_memset8                
00000941  __aeabi_ui2d                   
ffffffff  __binit__                      
ffffffff  __c_args__                     
00000593  __mpu_init                     
2000fe00  __stack                        
00000961  _args_main                     
00000755  _c_int00                       
2000080c  _lock                          
00000987  _nop                           
0000097f  _register_lock                 
00000979  _register_unlock               
20000000  _sys_memory                    
00000753  _system_post_cinit             
000009bd  _system_pre_init               
20000810  _unlock                        
000007ad  abort                          
ffffffff  binit                          
000007fd  copy_in                        
000007b5  exit                           
20000814  flag                           
00000000  interruptVectors               
00000891  main                           
20000818  main_func_sp                   
000003f5  memcpy                         
00000521  memset                         
000008d5  sysTimerInit                   


GLOBAL SYMBOLS: SORTED BY Symbol Address 

address   name                           
-------   ----                           
00000000  __TI_static_base__             
00000000  interruptVectors               
000000e5  __aeabi_ddiv                   
00000200  __STACK_SIZE                   
0000021b  __aeabi_dmul                   
00000317  AES256_IRQHandler              
00000317  BusFault_Handler               
00000317  COMP_E0_IRQHandler             
00000317  COMP_E1_IRQHandler             
00000317  CS_IRQHandler                  
00000317  DMA_ERR_IRQHandler             
00000317  DMA_INT0_IRQHandler            
00000317  DMA_INT1_IRQHandler            
00000317  DMA_INT2_IRQHandler            
00000317  DMA_INT3_IRQHandler            
00000317  DebugMon_Handler               
00000317  Default_Handler                
00000317  EUSCIA0_IRQHandler             
00000317  EUSCIA1_IRQHandler             
00000317  EUSCIA2_IRQHandler             
00000317  EUSCIA3_IRQHandler             
00000317  EUSCIB0_IRQHandler             
00000317  EUSCIB1_IRQHandler             
00000317  EUSCIB2_IRQHandler             
00000317  EUSCIB3_IRQHandler             
00000317  FLCTL_IRQHandler               
00000317  FPU_IRQHandler                 
00000317  HardFault_Handler              
00000317  MemManage_Handler              
00000317  NMI_Handler                    
00000317  PCM_IRQHandler                 
00000317  PORT1_IRQHandler               
00000317  PORT2_IRQHandler               
00000317  PORT3_IRQHandler               
00000317  PORT4_IRQHandler               
00000317  PORT5_IRQHandler               
00000317  PORT6_IRQHandler               
00000317  PSS_IRQHandler                 
00000317  PendSV_Handler                 
00000317  RTC_C_IRQHandler               
00000317  SVC_Handler                    
00000317  SysTick_Handler                
00000317  T32_INT1_IRQHandler            
00000317  T32_INT2_IRQHandler            
00000317  T32_INTC_IRQHandler            
00000317  TA0_0_IRQHandler               
00000317  TA0_N_IRQHandler               
00000317  TA1_0_IRQHandler               
00000317  TA1_N_IRQHandler               
00000317  TA2_0_IRQHandler               
00000317  TA2_N_IRQHandler               
00000317  TA3_0_IRQHandler               
00000317  TA3_N_IRQHandler               
00000317  UsageFault_Handler             
00000317  WDT_A_IRQHandler               
00000319  ADCInit                        
000003f5  __aeabi_memcpy                 
000003f5  __aeabi_memcpy4                
000003f5  __aeabi_memcpy8                
000003f5  memcpy                         
00000491  ADC14_IRQHandler               
00000491  ADC14_IRQHandler               
00000519  __aeabi_memclr                 
00000519  __aeabi_memclr4                
00000519  __aeabi_memclr8                
0000051b  __aeabi_memset                 
0000051b  __aeabi_memset4                
0000051b  __aeabi_memset8                
00000521  memset                         
00000593  __mpu_init                     
00000595  SystemInit                     
0000060d  __TI_auto_init                 
0000067d  __aeabi_d2f                    
000006eb  __TI_decompress_lzss           
00000753  _system_post_cinit             
00000755  _c_int00                       
000007a9  C$$EXIT                        
000007ad  abort                          
000007b5  exit                           
000007fd  copy_in                        
00000800  __SYSMEM_SIZE                  
00000849  Timer32_initModule             
00000891  main                           
000008d5  sysTimerInit                   
000008fd  Timer32_setCount               
00000921  Timer32_startTimer             
00000941  __aeabi_ui2d                   
00000961  _args_main                     
00000979  _register_unlock               
0000097f  _register_lock                 
00000987  _nop                           
0000098d  __TI_decompress_none           
0000099b  Reset_Handler                  
000009a7  __TI_zero_init                 
000009b3  Timer32_enableInterrupt        
000009bd  _system_pre_init               
000009d4  __TI_Handler_Table_Base        
000009e0  __TI_Handler_Table_Limit       
000009e8  __TI_CINIT_Base                
000009f8  __TI_CINIT_Limit               
20000000  _sys_memory                    
20000800  __TI_cleanup_ptr               
20000804  __TI_dtors_ptr                 
20000808  __TI_enable_exit_profile_output
2000080c  _lock                          
20000810  _unlock                        
20000814  flag                           
20000818  main_func_sp                   
2000fe00  __stack                        
20010000  __STACK_END                    
4000480c  WDTCTL_SYM                     
ffffffff  __TI_pprof_out_hndl            
ffffffff  __TI_prof_data_size            
ffffffff  __TI_prof_data_start           
ffffffff  __binit__                      
ffffffff  __c_args__                     
ffffffff  binit                          
UNDEFED   SHT$$INIT_ARRAY$$Base          
UNDEFED   SHT$$INIT_ARRAY$$Limit         

[119 symbols]
